Archive member included to satisfy reference by file (symbol)

C:/Program Files/SEGGER/SEGGER Embedded Studio for ARM 4.50/lib/libc_v7em_fpv4_sp_d16_hard_t_le_eabi.a(libc2.o)
                              Output/app_timer_tutorial_pca10040 Release/Obj/nrf_log_str_formatter.o (isprint)
C:/Program Files/SEGGER/SEGGER Embedded Studio for ARM 4.50/lib/libc_v7em_fpv4_sp_d16_hard_t_le_eabi.a(libc2_asm.o)
                              Output/app_timer_tutorial_pca10040 Release/Obj/nrf_log_frontend.o (memcpy)
C:/Program Files/SEGGER/SEGGER Embedded Studio for ARM 4.50/lib/libc_v7em_fpv4_sp_d16_hard_t_le_eabi.a(libc.o)
                              C:/Program Files/SEGGER/SEGGER Embedded Studio for ARM 4.50/lib/libc_v7em_fpv4_sp_d16_hard_t_le_eabi.a(libc2.o) (__heap_lock)
C:/Program Files/SEGGER/SEGGER Embedded Studio for ARM 4.50/lib/libc_v7em_fpv4_sp_d16_hard_t_le_eabi.a(libc_asm.o)
                              C:/Program Files/SEGGER/SEGGER Embedded Studio for ARM 4.50/lib/libc_v7em_fpv4_sp_d16_hard_t_le_eabi.a(libc2.o) (__aeabi_uldivmod)
C:/Program Files/SEGGER/SEGGER Embedded Studio for ARM 4.50/lib/libdebugio_v7em_fpv4_sp_d16_hard_t_le_eabi.a(libdebugio.o)
                              Output/app_timer_tutorial_pca10040 Release/Obj/thumb_crt0.o (debug_fopen)
C:/Program Files/SEGGER/SEGGER Embedded Studio for ARM 4.50/lib/libdebugio_mempoll_v7em_fpv4_sp_d16_hard_t_le_eabi.a(mempoll_debug_operations.o)
                              C:/Program Files/SEGGER/SEGGER Embedded Studio for ARM 4.50/lib/libdebugio_v7em_fpv4_sp_d16_hard_t_le_eabi.a(libdebugio.o) (__do_debug_operation)
C:/Program Files/SEGGER/SEGGER Embedded Studio for ARM 4.50/lib/libdebugio_mempoll_v7em_fpv4_sp_d16_hard_t_le_eabi.a(do_nv_debug_operation.o)
                              C:/Program Files/SEGGER/SEGGER Embedded Studio for ARM 4.50/lib/libdebugio_v7em_fpv4_sp_d16_hard_t_le_eabi.a(libdebugio.o) (__do_nvdebug_operation)
C:/Program Files/SEGGER/SEGGER Embedded Studio for ARM 4.50/lib/libm_v7em_fpv4_sp_d16_hard_t_le_eabi.a(libm_asm.o)
                              C:/Program Files/SEGGER/SEGGER Embedded Studio for ARM 4.50/lib/libc_v7em_fpv4_sp_d16_hard_t_le_eabi.a(libc2.o) (__aeabi_dadd)
C:/Program Files/SEGGER/SEGGER Embedded Studio for ARM 4.50/lib/libm_v7em_fpv4_sp_d16_hard_t_le_eabi.a(libm2.o)
                              C:/Program Files/SEGGER/SEGGER Embedded Studio for ARM 4.50/lib/libvfprintf_v7em_fpv4_sp_d16_hard_t_le_eabi.o (frexp)

Discarded input sections

 .text          0x0000000000000000        0x0 Output/app_timer_tutorial_pca10040 Release/Obj/thumb_crt0.o
 .data          0x0000000000000000        0x0 Output/app_timer_tutorial_pca10040 Release/Obj/thumb_crt0.o
 .bss           0x0000000000000000        0x0 Output/app_timer_tutorial_pca10040 Release/Obj/thumb_crt0.o
 .text.__aeabi_read_tp
                0x0000000000000000        0x8 Output/app_timer_tutorial_pca10040 Release/Obj/thumb_crt0.o
 .text.abort    0x0000000000000000        0x2 Output/app_timer_tutorial_pca10040 Release/Obj/thumb_crt0.o
 .text.__assert
                0x0000000000000000        0x2 Output/app_timer_tutorial_pca10040 Release/Obj/thumb_crt0.o
 .text.__aeabi_assert
                0x0000000000000000        0x2 Output/app_timer_tutorial_pca10040 Release/Obj/thumb_crt0.o
 .text.__sync_synchronize
                0x0000000000000000        0x2 Output/app_timer_tutorial_pca10040 Release/Obj/thumb_crt0.o
 .text.__getchar
                0x0000000000000000        0x4 Output/app_timer_tutorial_pca10040 Release/Obj/thumb_crt0.o
 .text.__putchar
                0x0000000000000000        0x4 Output/app_timer_tutorial_pca10040 Release/Obj/thumb_crt0.o
 .text.__open   0x0000000000000000        0x4 Output/app_timer_tutorial_pca10040 Release/Obj/thumb_crt0.o
 .text.__close  0x0000000000000000        0x4 Output/app_timer_tutorial_pca10040 Release/Obj/thumb_crt0.o
 .text.__write  0x0000000000000000        0xa Output/app_timer_tutorial_pca10040 Release/Obj/thumb_crt0.o
 .text.__read   0x0000000000000000        0xa Output/app_timer_tutorial_pca10040 Release/Obj/thumb_crt0.o
 .text.__seek   0x0000000000000000       0x1a Output/app_timer_tutorial_pca10040 Release/Obj/thumb_crt0.o
 .bss.__user_locale_name_buffer
                0x0000000000000000        0x4 Output/app_timer_tutorial_pca10040 Release/Obj/thumb_crt0.o
 .stack         0x0000000000000000        0x0 Output/app_timer_tutorial_pca10040 Release/Obj/thumb_crt0.o
 .stack_process
                0x0000000000000000        0x0 Output/app_timer_tutorial_pca10040 Release/Obj/thumb_crt0.o
 .heap          0x0000000000000000        0x0 Output/app_timer_tutorial_pca10040 Release/Obj/thumb_crt0.o
 .group         0x0000000000000000        0xc Output/app_timer_tutorial_pca10040 Release/Obj/nrf_log_backend_rtt.o
 .group         0x0000000000000000        0xc Output/app_timer_tutorial_pca10040 Release/Obj/nrf_log_backend_rtt.o
[...]
Memory Configuration

Name             Origin             Length             Attributes
UNPLACED_SECTIONS 0x0000000100000000 0x0000000000000000 xw
RAM              0x0000000020000000 0x0000000000010000 xw
FLASH            0x0000000000000000 0x0000000000080000 xw
*default*        0x0000000000000000 0xffffffffffffffff

Linker script and memory map

                0x0000000000000000                __vfprintf = __vfprintf_long
                0x0000000000000000                __vfscanf = __vfscanf_int
                0x0000000020000000                __RAM_segment_start__ = 0x20000000
                0x0000000020010000                __RAM_segment_end__ = 0x20010000
                0x0000000000010000                __RAM_segment_size__ = 0x10000
                0x0000000000000000                __FLASH_segment_start__ = 0x0
                0x0000000000080000                __FLASH_segment_end__ = 0x80000
                0x0000000000080000                __FLASH_segment_size__ = 0x80000
                0x0000000000002000                __HEAPSIZE__ = 0x2000
                0x0000000000000000                __STACKSIZE_PROCESS__ = 0x0
                0x0000000000002000                __STACKSIZE__ = 0x2000
                0x0000000020000000                __vectors_ram_load_start__ = 0x20000000

.vectors_ram    0x0000000020000000        0x0
                0x0000000020000000                __vectors_ram_start__ = .
                0x0000000020000000                __app_ram_start__ = __vectors_ram_start__
 *(.vectors_ram .vectors_ram.*)
                0x0000000020000000                __vectors_ram_end__ = (__vectors_ram_start__ + SIZEOF (.vectors_ram))
                0x0000000000000000                __vectors_ram_size__ = SIZEOF (.vectors_ram)
                0x0000000020000000                __vectors_ram_load_end__ = __vectors_ram_end__
                0x0000000000000001                . = ASSERT (((__vectors_ram_start__ == __vectors_ram_end__) || ((__vectors_ram_end__ - __RAM_segment_start__) <= __RAM_segment_size__)), error: .vectors_ram is too large to fit in RAM memory segment)
                0x0000000020000000                __nrf_sections_run_load_start__ = ALIGN (__vectors_ram_end__, 0x4)

.nrf_sections_run
                0x0000000020000000        0x0
                0x0000000020000000                __nrf_sections_run_start__ = .
                0x0000000020000000                __start_nrf_sections_run = __nrf_sections_run_start__
 *(.nrf_sections_run .nrf_sections_run.*)
                0x0000000020000000                __nrf_sections_run_end__ = (__nrf_sections_run_start__ + SIZEOF (.nrf_sections_run))
                0x0000000000000000                __nrf_sections_run_size__ = SIZEOF (.nrf_sections_run)
                0x0000000020000000                __nrf_sections_run_load_end__ = __nrf_sections_run_end__
                0x0000000000000001                . = ASSERT (((__nrf_sections_run_start__ == __nrf_sections_run_end__) || ((__nrf_sections_run_end__ - __RAM_segment_start__) <= __RAM_segment_size__)), error: .nrf_sections_run is too large to fit in RAM memory segment)
                0x0000000000000000                __vectors_load_start__ = 0x0

.vectors        0x0000000000000000      0x200
                0x0000000000000000                __vectors_start__ = .
 *(.vectors .vectors.*)
 .vectors       0x0000000000000000      0x200 Output/app_timer_tutorial_pca10040 Release/Obj/ses_startup_nrf52.o
                0x0000000000000000                _vectors
                0x0000000000000200                __vectors_end__ = (__vectors_start__ + SIZEOF (.vectors))
                0x0000000000000200                __vectors_size__ = SIZEOF (.vectors)
                0x0000000000000200                __vectors_load_end__ = __vectors_end__
                0x0000000000000001                . = ASSERT (((__vectors_start__ == __vectors_end__) || ((__vectors_end__ - __FLASH_segment_start__) <= __FLASH_segment_size__)), error: .vectors is too large to fit in FLASH memory segment)
                0x0000000000000200                __init_load_start__ = ALIGN (__vectors_end__, 0x4)

.init           0x0000000000000200      0x1d0
                0x0000000000000200                __init_start__ = .
 *(.init .init.*)
 .init          0x0000000000000200      0x15c Output/app_timer_tutorial_pca10040 Release/Obj/thumb_crt0.o
                0x0000000000000200                _start
                0x00000000000002b4                exit
 .init          0x000000000000035c       0x18 Output/app_timer_tutorial_pca10040 Release/Obj/ses_startup_nrf52.o
                0x000000000000035c                NMI_Handler
                0x000000000000035e                HardFault_Handler
                0x0000000000000360                MemoryManagement_Handler
                0x0000000000000362                BusFault_Handler
                0x0000000000000364                UsageFault_Handler
                0x0000000000000366                SVC_Handler
                0x0000000000000368                DebugMon_Handler
                0x000000000000036a                PendSV_Handler
                0x000000000000036c                SysTick_Handler
                0x000000000000036e                SWI2_EGU2_IRQHandler
                0x000000000000036e                RADIO_IRQHandler
                0x000000000000036e                PDM_IRQHandler
                0x000000000000036e                PWM1_IRQHandler
                0x000000000000036e                QDEC_IRQHandler
                0x000000000000036e                TIMER3_IRQHandler
                0x000000000000036e                RTC0_IRQHandler
                0x000000000000036e                SPIM0_SPIS0_TWIM0_TWIS0_SPI0_TWI0_IRQHandler
                0x000000000000036e                TEMP_IRQHandler
                0x000000000000036e                TIMER4_IRQHandler
                0x000000000000036e                I2S_IRQHandler
                0x000000000000036e                SWI4_EGU4_IRQHandler
                0x000000000000036e                TIMER0_IRQHandler
                0x000000000000036e                Dummy_Handler
                0x000000000000036e                TIMER1_IRQHandler
                0x000000000000036e                PWM2_IRQHandler
                0x000000000000036e                ECB_IRQHandler
                0x000000000000036e                SPIM1_SPIS1_TWIM1_TWIS1_SPI1_TWI1_IRQHandler
                0x000000000000036e                SAADC_IRQHandler
                0x000000000000036e                CCM_AAR_IRQHandler
                0x000000000000036e                WDT_IRQHandler
                0x000000000000036e                FPU_IRQHandler
                0x000000000000036e                SWI5_EGU5_IRQHandler
                0x000000000000036e                RNG_IRQHandler
                0x000000000000036e                RTC2_IRQHandler
                0x000000000000036e                PWM0_IRQHandler
                0x000000000000036e                SWI3_EGU3_IRQHandler
                0x000000000000036e                SWI1_EGU1_IRQHandler
                0x000000000000036e                SPIM2_SPIS2_SPI2_IRQHandler
                0x000000000000036e                NFCT_IRQHandler
                0x000000000000036e                TIMER2_IRQHandler
                0x000000000000036e                MWU_IRQHandler
                0x000000000000036e                COMP_LPCOMP_IRQHandler
                0x0000000000000370                nRFInitialize
 .init          0x0000000000000374       0x5c Output/app_timer_tutorial_pca10040 Release/Obj/ses_startup_nrf_common.o
                0x0000000000000374                Reset_Handler
                0x0000000000000378                afterInitialize
                0x000000000000039c                InitializeUserMemorySections
                0x00000000000003d0                __init_end__ = (__init_start__ + SIZEOF (.init))
                0x00000000000001d0                __init_size__ = SIZEOF (.init)
                0x00000000000003d0                __init_load_end__ = __init_end__
                0x0000000000000001                . = ASSERT (((__init_start__ == __init_end__) || ((__init_end__ - __FLASH_segment_start__) <= __FLASH_segment_size__)), error: .init is too large to fit in FLASH memory segment)
                0x00000000000003d0                __init_rodata_load_start__ = ALIGN (__init_end__, 0x4)

.init_rodata    0x00000000000003d0        0x0
                0x00000000000003d0                __init_rodata_start__ = .
 *(.init_rodata .init_rodata.*)
                0x00000000000003d0                __init_rodata_end__ = (__init_rodata_start__ + SIZEOF (.init_rodata))
                0x0000000000000000                __init_rodata_size__ = SIZEOF (.init_rodata)
                0x00000000000003d0                __init_rodata_load_end__ = __init_rodata_end__
                0x0000000000000001                . = ASSERT (((__init_rodata_start__ == __init_rodata_end__) || ((__init_rodata_end__ - __FLASH_segment_start__) <= __FLASH_segment_size__)), error: .init_rodata is too large to fit in FLASH memory segment)
                0x00000000000003d0                __text_load_start__ = ALIGN (__init_rodata_end__, 0x4)

.text           0x00000000000003d0     0x2d0a
                0x00000000000003d0                __text_start__ = .
 *(.text .text.* .glue_7t .glue_7 .gnu.linkonce.t.* .gcc_except_table .ARM.extab* .gnu.linkonce.armextab.*)
 .glue_7        0x00000000000003d0        0x0 linker stubs
 .glue_7t       0x00000000000003d0        0x0 linker stubs
 .text.nrf_log_backend_rtt_flush
                0x00000000000003d0        0x2 Output/app_timer_tutorial_pca10040 Release/Obj/nrf_log_backend_rtt.o
 *fill*         0x00000000000003d2        0x2 
 .text.nrf_log_backend_rtt_put
                0x00000000000003d4       0x1c Output/app_timer_tutorial_pca10040 Release/Obj/nrf_log_backend_rtt.o
 .text.serial_tx
                0x00000000000003f0       0x50 Output/app_timer_tutorial_pca10040 Release/Obj/nrf_log_backend_rtt.o
 .text.nrf_log_backend_rtt_panic_set
                0x0000000000000440        0x2 Output/app_timer_tutorial_pca10040 Release/Obj/nrf_log_backend_rtt.o
 .text.nrf_log_backend_rtt_init
                0x0000000000000442        0x4 Output/app_timer_tutorial_pca10040 Release/Obj/nrf_log_backend_rtt.o
                0x0000000000000442                nrf_log_backend_rtt_init
 .text.nrf_log_backend_serial_put
                0x0000000000000446       0xc2 Output/app_timer_tutorial_pca10040 Release/Obj/nrf_log_backend_serial.o
                0x0000000000000446                nrf_log_backend_serial_put
 .text.nrf_log_backend_uart_flush
                0x0000000000000508        0x2 Output/app_timer_tutorial_pca10040 Release/Obj/nrf_log_backend_uart.o
 *fill*         0x000000000000050a        0x2 
 .text.nrf_log_backend_uart_put
                0x000000000000050c       0x1c Output/app_timer_tutorial_pca10040 Release/Obj/nrf_log_backend_uart.o
 .text.uart_init.constprop.0
                0x0000000000000528       0x50 Output/app_timer_tutorial_pca10040 Release/Obj/nrf_log_backend_uart.o
 .text.serial_tx
                0x0000000000000578       0x48 Output/app_timer_tutorial_pca10040 Release/Obj/nrf_log_backend_uart.o
 .text.nrf_log_backend_uart_panic_set
                0x00000000000005c0       0x2c Output/app_timer_tutorial_pca10040 Release/Obj/nrf_log_backend_uart.o
 .text.nrf_log_backend_uart_init
                0x00000000000005ec        0x4 Output/app_timer_tutorial_pca10040 Release/Obj/nrf_log_backend_uart.o
                0x00000000000005ec                nrf_log_backend_uart_init
 .text.nrf_log_default_backends_init
                0x00000000000005f0       0x38 Output/app_timer_tutorial_pca10040 Release/Obj/nrf_log_default_backends.o
                0x00000000000005f0                nrf_log_default_backends_init
 .text.invalid_packets_omit
                0x0000000000000628       0x3a Output/app_timer_tutorial_pca10040 Release/Obj/nrf_log_frontend.o
 *fill*         0x0000000000000662        0x2 
 .text.buf_prealloc
                0x0000000000000664      0x130 Output/app_timer_tutorial_pca10040 Release/Obj/nrf_log_frontend.o
 .text.nrf_log_init
                0x0000000000000794       0x3c Output/app_timer_tutorial_pca10040 Release/Obj/nrf_log_frontend.o
                0x0000000000000794                nrf_log_init
 .text.nrf_log_module_name_get
                0x00000000000007d0       0x38 Output/app_timer_tutorial_pca10040 Release/Obj/nrf_log_frontend.o
                0x00000000000007d0                nrf_log_module_name_get
 .text.nrf_log_color_id_get
                0x0000000000000808       0x2c Output/app_timer_tutorial_pca10040 Release/Obj/nrf_log_frontend.o
                0x0000000000000808                nrf_log_color_id_get
 .text.buffer_is_empty
                0x0000000000000834       0x14 Output/app_timer_tutorial_pca10040 Release/Obj/nrf_log_frontend.o
                0x0000000000000834                buffer_is_empty
 .text.nrf_log_frontend_dequeue
                0x0000000000000848      0x218 Output/app_timer_tutorial_pca10040 Release/Obj/nrf_log_frontend.o
                0x0000000000000848                nrf_log_frontend_dequeue
 .text.std_n    0x0000000000000a60       0x98 Output/app_timer_tutorial_pca10040 Release/Obj/nrf_log_frontend.o
 .text.nrf_log_frontend_std_0
                0x0000000000000af8        0x8 Output/app_timer_tutorial_pca10040 Release/Obj/nrf_log_frontend.o
                0x0000000000000af8                nrf_log_frontend_std_0
 .text.nrf_log_backend_add
                0x0000000000000b00       0x44 Output/app_timer_tutorial_pca10040 Release/Obj/nrf_log_frontend.o
                0x0000000000000b00                nrf_log_backend_add
 .text.nrf_log_panic
                0x0000000000000b44       0x2c Output/app_timer_tutorial_pca10040 Release/Obj/nrf_log_frontend.o
                0x0000000000000b44                nrf_log_panic
 .text.postfix_process
                0x0000000000000b70       0x44 Output/app_timer_tutorial_pca10040 Release/Obj/nrf_log_str_formatter.o
 .text.prefix_process
                0x0000000000000bb4       0x7c Output/app_timer_tutorial_pca10040 Release/Obj/nrf_log_str_formatter.o
 .text.nrf_log_std_entry_process
                0x0000000000000c30       0xc8 Output/app_timer_tutorial_pca10040 Release/Obj/nrf_log_str_formatter.o
                0x0000000000000c30                nrf_log_std_entry_process
 .text.nrf_log_hexdump_entry_process
                0x0000000000000cf8       0xb8 Output/app_timer_tutorial_pca10040 Release/Obj/nrf_log_str_formatter.o
                0x0000000000000cf8                nrf_log_hexdump_entry_process
 .text.app_error_handler_bare
                0x0000000000000db0       0x1a Output/app_timer_tutorial_pca10040 Release/Obj/app_error.o
                0x0000000000000db0                app_error_handler_bare
 *fill*         0x0000000000000dca        0x2 
 .text.app_error_fault_handler
                0x0000000000000dcc       0x70 Output/app_timer_tutorial_pca10040 Release/Obj/app_error_weak.o
                0x0000000000000dcc                app_error_fault_handler
 .text.app_util_disable_irq
                0x0000000000000e3c       0x10 Output/app_timer_tutorial_pca10040 Release/Obj/app_util_platform.o
                0x0000000000000e3c                app_util_disable_irq
 .text.app_util_enable_irq
                0x0000000000000e4c       0x14 Output/app_timer_tutorial_pca10040 Release/Obj/app_util_platform.o
                0x0000000000000e4c                app_util_enable_irq
 .text.app_util_critical_region_enter
                0x0000000000000e60        0x4 Output/app_timer_tutorial_pca10040 Release/Obj/app_util_platform.o
                0x0000000000000e60                app_util_critical_region_enter
 .text.app_util_critical_region_exit
                0x0000000000000e64        0x4 Output/app_timer_tutorial_pca10040 Release/Obj/app_util_platform.o
                0x0000000000000e64                app_util_critical_region_exit
 .text.nrf_atomic_u32_fetch_store
                0x0000000000000e68       0x16 Output/app_timer_tutorial_pca10040 Release/Obj/nrf_atomic.o
                0x0000000000000e68                nrf_atomic_u32_fetch_store
 .text.nrf_atomic_u32_or
                0x0000000000000e7e       0x18 Output/app_timer_tutorial_pca10040 Release/Obj/nrf_atomic.o
                0x0000000000000e7e                nrf_atomic_u32_or
 .text.nrf_atomic_u32_fetch_and
                0x0000000000000e96       0x18 Output/app_timer_tutorial_pca10040 Release/Obj/nrf_atomic.o
                0x0000000000000e96                nrf_atomic_u32_fetch_and
 .text.nrf_atomic_u32_add
                0x0000000000000eae       0x18 Output/app_timer_tutorial_pca10040 Release/Obj/nrf_atomic.o
                0x0000000000000eae                nrf_atomic_u32_add
 .text.nrf_atomic_u32_sub
                0x0000000000000ec6       0x18 Output/app_timer_tutorial_pca10040 Release/Obj/nrf_atomic.o
                0x0000000000000ec6                nrf_atomic_u32_sub
 .text.nrf_atomic_flag_set
                0x0000000000000ede        0x6 Output/app_timer_tutorial_pca10040 Release/Obj/nrf_atomic.o
                0x0000000000000ede                nrf_atomic_flag_set
 .text.nrf_atomic_flag_clear_fetch
                0x0000000000000ee4        0x6 Output/app_timer_tutorial_pca10040 Release/Obj/nrf_atomic.o
                0x0000000000000ee4                nrf_atomic_flag_clear_fetch
 .text.nrf_balloc_init
                0x0000000000000eea       0x2e Output/app_timer_tutorial_pca10040 Release/Obj/nrf_balloc.o
                0x0000000000000eea                nrf_balloc_init
 .text.nrf_balloc_alloc
                0x0000000000000f18       0x40 Output/app_timer_tutorial_pca10040 Release/Obj/nrf_balloc.o
                0x0000000000000f18                nrf_balloc_alloc
 .text.nrf_balloc_free
                0x0000000000000f58       0x2a Output/app_timer_tutorial_pca10040 Release/Obj/nrf_balloc.o
                0x0000000000000f58                nrf_balloc_free
 .text.nrf_fprintf_buffer_flush
                0x0000000000000f82       0x16 Output/app_timer_tutorial_pca10040 Release/Obj/nrf_fprintf.o
                0x0000000000000f82                nrf_fprintf_buffer_flush
 .text.nrf_fprintf
                0x0000000000000f98       0x1c Output/app_timer_tutorial_pca10040 Release/Obj/nrf_fprintf.o
                0x0000000000000f98                nrf_fprintf
 .text.buffer_add
                0x0000000000000fb4       0x1e Output/app_timer_tutorial_pca10040 Release/Obj/nrf_fprintf_format.o
 *fill*         0x0000000000000fd2        0x2 
 .text.unsigned_print
                0x0000000000000fd4       0xb4 Output/app_timer_tutorial_pca10040 Release/Obj/nrf_fprintf_format.o
 .text.nrf_fprintf_fmt
                0x0000000000001088      0x29c Output/app_timer_tutorial_pca10040 Release/Obj/nrf_fprintf_format.o
                0x0000000000001088                nrf_fprintf_fmt
 .text.memobj_op
                0x0000000000001324       0x86 Output/app_timer_tutorial_pca10040 Release/Obj/nrf_memobj.o
 .text.nrf_memobj_pool_init
                0x00000000000013aa        0x4 Output/app_timer_tutorial_pca10040 Release/Obj/nrf_memobj.o
                0x00000000000013aa                nrf_memobj_pool_init
 .text.nrf_memobj_free
                0x00000000000013ae       0x2c Output/app_timer_tutorial_pca10040 Release/Obj/nrf_memobj.o
                0x00000000000013ae                nrf_memobj_free
 .text.nrf_memobj_alloc
                0x00000000000013da       0x5e Output/app_timer_tutorial_pca10040 Release/Obj/nrf_memobj.o
                0x00000000000013da                nrf_memobj_alloc
 .text.nrf_memobj_get
                0x0000000000001438        0x8 Output/app_timer_tutorial_pca10040 Release/Obj/nrf_memobj.o
                0x0000000000001438                nrf_memobj_get
 .text.nrf_memobj_put
                0x0000000000001440       0x1e Output/app_timer_tutorial_pca10040 Release/Obj/nrf_memobj.o
                0x0000000000001440                nrf_memobj_put
 .text.nrf_memobj_write
                0x000000000000145e       0x14 Output/app_timer_tutorial_pca10040 Release/Obj/nrf_memobj.o
                0x000000000000145e                nrf_memobj_write
 .text.nrf_memobj_read
                0x0000000000001472       0x14 Output/app_timer_tutorial_pca10040 Release/Obj/nrf_memobj.o
                0x0000000000001472                nrf_memobj_read
 .text.nrf_ringbuf_init
                0x0000000000001486       0x12 Output/app_timer_tutorial_pca10040 Release/Obj/nrf_ringbuf.o
                0x0000000000001486                nrf_ringbuf_init
 .text.user_op_alloc
                0x0000000000001498       0x2c Output/app_timer_tutorial_pca10040 Release/Obj/app_timer.o
 .text.nrfx_coredep_delay_us.part.0.constprop.0
                0x00000000000014c4       0x10 Output/app_timer_tutorial_pca10040 Release/Obj/app_timer.o
 .text.rtc1_stop
                0x00000000000014d4       0x44 Output/app_timer_tutorial_pca10040 Release/Obj/app_timer.o
 .text.RTC1_IRQHandler
                0x0000000000001518       0x9c Output/app_timer_tutorial_pca10040 Release/Obj/app_timer.o
                0x0000000000001518                RTC1_IRQHandler
 .text.SWI0_EGU0_IRQHandler
                0x00000000000015b4      0x2bc Output/app_timer_tutorial_pca10040 Release/Obj/app_timer.o
                0x00000000000015b4                SWI0_EGU0_IRQHandler
 .text.app_timer_init
                0x0000000000001870       0x60 Output/app_timer_tutorial_pca10040 Release/Obj/app_timer.o
                0x0000000000001870                app_timer_init
 .text.app_timer_create
                0x00000000000018d0       0x24 Output/app_timer_tutorial_pca10040 Release/Obj/app_timer.o
                0x00000000000018d0                app_timer_create
 .text.app_timer_start
                0x00000000000018f4       0x8c Output/app_timer_tutorial_pca10040 Release/Obj/app_timer.o
                0x00000000000018f4                app_timer_start
 .text.errata_12
                0x0000000000001980       0x40 Output/app_timer_tutorial_pca10040 Release/Obj/system_nrf52.o
 .text.errata_16
                0x00000000000019c0       0x34 Output/app_timer_tutorial_pca10040 Release/Obj/system_nrf52.o
 .text.SystemInit
                0x00000000000019f4      0x25c Output/app_timer_tutorial_pca10040 Release/Obj/system_nrf52.o
                0x00000000000019f4                SystemInit
 .text.clock_clk_started_notify
                0x0000000000001c50       0x24 Output/app_timer_tutorial_pca10040 Release/Obj/nrf_drv_clock.o
 .text.clock_irq_handler
                0x0000000000001c74       0x1c Output/app_timer_tutorial_pca10040 Release/Obj/nrf_drv_clock.o
 .text.nrf_drv_clock_init
                0x0000000000001c90       0x30 Output/app_timer_tutorial_pca10040 Release/Obj/nrf_drv_clock.o
                0x0000000000001c90                nrf_drv_clock_init
 .text.nrf_drv_clock_lfclk_request
                0x0000000000001cc0       0x54 Output/app_timer_tutorial_pca10040 Release/Obj/nrf_drv_clock.o
                0x0000000000001cc0                nrf_drv_clock_lfclk_request
 .text.uarte_evt_handler
                0x0000000000001d14       0x34 Output/app_timer_tutorial_pca10040 Release/Obj/nrf_drv_uart.o
 .text.uart_evt_handler
                0x0000000000001d48       0x34 Output/app_timer_tutorial_pca10040 Release/Obj/nrf_drv_uart.o
 .text.nrf_drv_uart_init
                0x0000000000001d7c       0x7c Output/app_timer_tutorial_pca10040 Release/Obj/nrf_drv_uart.o
                0x0000000000001d7c                nrf_drv_uart_init
 .text.nrfx_clock_init
                0x0000000000001df8       0x18 Output/app_timer_tutorial_pca10040 Release/Obj/nrfx_clock.o
                0x0000000000001df8                nrfx_clock_init
 .text.nrfx_clock_enable
                0x0000000000001e10       0x24 Output/app_timer_tutorial_pca10040 Release/Obj/nrfx_clock.o
                0x0000000000001e10                nrfx_clock_enable
 .text.nrfx_clock_lfclk_start
                0x0000000000001e34       0x58 Output/app_timer_tutorial_pca10040 Release/Obj/nrfx_clock.o
                0x0000000000001e34                nrfx_clock_lfclk_start
 .text.POWER_CLOCK_IRQHandler
                0x0000000000001e8c       0x64 Output/app_timer_tutorial_pca10040 Release/Obj/nrfx_clock.o
                0x0000000000001e8c                POWER_CLOCK_IRQHandler
 .text.nrf_gpiote_event_clear
                0x0000000000001ef0       0x18 Output/app_timer_tutorial_pca10040 Release/Obj/nrfx_gpiote.o
 .text.nrf_gpio_cfg_sense_set
                0x0000000000001f08       0x20 Output/app_timer_tutorial_pca10040 Release/Obj/nrfx_gpiote.o
 .text.channel_free
                0x0000000000001f28       0x1c Output/app_timer_tutorial_pca10040 Release/Obj/nrfx_gpiote.o
 .text.nrfx_gpiote_init
                0x0000000000001f44       0x70 Output/app_timer_tutorial_pca10040 Release/Obj/nrfx_gpiote.o
                0x0000000000001f44                nrfx_gpiote_init
 .text.nrfx_gpiote_out_set
                0x0000000000001fb4       0x10 Output/app_timer_tutorial_pca10040 Release/Obj/nrfx_gpiote.o
                0x0000000000001fb4                nrfx_gpiote_out_set
 .text.nrfx_gpiote_out_clear
                0x0000000000001fc4       0x10 Output/app_timer_tutorial_pca10040 Release/Obj/nrfx_gpiote.o
                0x0000000000001fc4                nrfx_gpiote_out_clear
 .text.nrfx_gpiote_out_toggle
                0x0000000000001fd4       0x1e Output/app_timer_tutorial_pca10040 Release/Obj/nrfx_gpiote.o
                0x0000000000001fd4                nrfx_gpiote_out_toggle
 *fill*         0x0000000000001ff2        0x2 
 .text.nrfx_gpiote_in_init
                0x0000000000001ff4       0xe4 Output/app_timer_tutorial_pca10040 Release/Obj/nrfx_gpiote.o
                0x0000000000001ff4                nrfx_gpiote_in_init
 .text.nrfx_gpiote_in_event_enable
                0x00000000000020d8       0x88 Output/app_timer_tutorial_pca10040 Release/Obj/nrfx_gpiote.o
                0x00000000000020d8                nrfx_gpiote_in_event_enable
 .text.GPIOTE_IRQHandler
                0x0000000000002160      0x170 Output/app_timer_tutorial_pca10040 Release/Obj/nrfx_gpiote.o
                0x0000000000002160                GPIOTE_IRQHandler
 .text.UARTE0_UART0_IRQHandler
                0x00000000000022d0        0xc Output/app_timer_tutorial_pca10040 Release/Obj/nrfx_prs.o
                0x00000000000022d0                UARTE0_UART0_IRQHandler
 .text.nrfx_prs_acquire
                0x00000000000022dc       0x38 Output/app_timer_tutorial_pca10040 Release/Obj/nrfx_prs.o
                0x00000000000022dc                nrfx_prs_acquire
 .text.nrfx_prs_release
                0x0000000000002314       0x18 Output/app_timer_tutorial_pca10040 Release/Obj/nrfx_prs.o
                0x0000000000002314                nrfx_prs_release
 .text.nrf_uart_event_clear
                0x000000000000232c       0x10 Output/app_timer_tutorial_pca10040 Release/Obj/nrfx_uart.o
 .text.tx_byte  0x000000000000233c       0x1e Output/app_timer_tutorial_pca10040 Release/Obj/nrfx_uart.o
 .text.rx_byte  0x000000000000235a       0x2c Output/app_timer_tutorial_pca10040 Release/Obj/nrfx_uart.o
 *fill*         0x0000000000002386        0x2 
 .text.rx_done_event.constprop.0
                0x0000000000002388       0x20 Output/app_timer_tutorial_pca10040 Release/Obj/nrfx_uart.o
 .text.nrfx_uart_0_irq_handler
                0x00000000000023a8      0x13c Output/app_timer_tutorial_pca10040 Release/Obj/nrfx_uart.o
                0x00000000000023a8                nrfx_uart_0_irq_handler
 .text.nrfx_uart_init
                0x00000000000024e4      0x178 Output/app_timer_tutorial_pca10040 Release/Obj/nrfx_uart.o
                0x00000000000024e4                nrfx_uart_init
 .text.nrfx_uart_uninit
                0x000000000000265c       0xc4 Output/app_timer_tutorial_pca10040 Release/Obj/nrfx_uart.o
                0x000000000000265c                nrfx_uart_uninit
 .text.nrfx_uart_tx
                0x0000000000002720       0x8c Output/app_timer_tutorial_pca10040 Release/Obj/nrfx_uart.o
                0x0000000000002720                nrfx_uart_tx
 .text.nrf_uarte_event_clear
                0x00000000000027ac       0x10 Output/app_timer_tutorial_pca10040 Release/Obj/nrfx_uarte.o
 .text.rx_done_event.constprop.0
                0x00000000000027bc       0x20 Output/app_timer_tutorial_pca10040 Release/Obj/nrfx_uarte.o
 .text.nrfx_uarte_0_irq_handler
                0x00000000000027dc      0x118 Output/app_timer_tutorial_pca10040 Release/Obj/nrfx_uarte.o
                0x00000000000027dc                nrfx_uarte_0_irq_handler
 .text.nrfx_uarte_init
                0x00000000000028f4      0x190 Output/app_timer_tutorial_pca10040 Release/Obj/nrfx_uarte.o
                0x00000000000028f4                nrfx_uarte_init
 .text.nrfx_uarte_uninit
                0x0000000000002a84       0xec Output/app_timer_tutorial_pca10040 Release/Obj/nrfx_uarte.o
                0x0000000000002a84                nrfx_uarte_uninit
 .text.nrfx_uarte_tx
                0x0000000000002b70       0x90 Output/app_timer_tutorial_pca10040 Release/Obj/nrfx_uarte.o
                0x0000000000002b70                nrfx_uarte_tx
 .text.repeated_timer_handler
                0x0000000000002c00        0x6 Output/app_timer_tutorial_pca10040 Release/Obj/main.o
 *fill*         0x0000000000002c06        0x2 
 .text.button_event_handler
                0x0000000000002c08       0x44 Output/app_timer_tutorial_pca10040 Release/Obj/main.o
                0x0000000000002c08                button_event_handler
 .text.startup.main
                0x0000000000002c4c      0x104 Output/app_timer_tutorial_pca10040 Release/Obj/main.o
                0x0000000000002c4c                main
 .text._GetAvailWriteSpace
                0x0000000000002d50       0x1c Output/app_timer_tutorial_pca10040 Release/Obj/SEGGER_RTT.o
 .text._WriteNoCheck
                0x0000000000002d6c       0x38 Output/app_timer_tutorial_pca10040 Release/Obj/SEGGER_RTT.o
 .text._WriteBlocking
                0x0000000000002da4       0x52 Output/app_timer_tutorial_pca10040 Release/Obj/SEGGER_RTT.o
 *fill*         0x0000000000002df6        0x2 
 .text._DoInit  0x0000000000002df8       0x60 Output/app_timer_tutorial_pca10040 Release/Obj/SEGGER_RTT.o
 .text.SEGGER_RTT_WriteNoLock
                0x0000000000002e58       0x68 Output/app_timer_tutorial_pca10040 Release/Obj/SEGGER_RTT.o
                0x0000000000002e58                SEGGER_RTT_WriteNoLock
 .text.SEGGER_RTT_Init
                0x0000000000002ec0        0x4 Output/app_timer_tutorial_pca10040 Release/Obj/SEGGER_RTT.o
                0x0000000000002ec0                SEGGER_RTT_Init
 .text.libc.__RAL_ascii_isctype
                0x0000000000002ec4       0x1c C:/Program Files/SEGGER/SEGGER Embedded Studio for ARM 4.50/lib/libc_v7em_fpv4_sp_d16_hard_t_le_eabi.a(libc2.o)
 .text.libc.__RAL_ascii_toupper
                0x0000000000002ee0        0xc C:/Program Files/SEGGER/SEGGER Embedded Studio for ARM 4.50/lib/libc_v7em_fpv4_sp_d16_hard_t_le_eabi.a(libc2.o)
 .text.libc.__RAL_ascii_tolower
                0x0000000000002eec        0xc C:/Program Files/SEGGER/SEGGER Embedded Studio for ARM 4.50/lib/libc_v7em_fpv4_sp_d16_hard_t_le_eabi.a(libc2.o)
 .text.libc.__RAL_ascii_iswctype
                0x0000000000002ef8       0x1c C:/Program Files/SEGGER/SEGGER Embedded Studio for ARM 4.50/lib/libc_v7em_fpv4_sp_d16_hard_t_le_eabi.a(libc2.o)
 .text.libc.__RAL_ascii_towupper
                0x0000000000002f14        0xc C:/Program Files/SEGGER/SEGGER Embedded Studio for ARM 4.50/lib/libc_v7em_fpv4_sp_d16_hard_t_le_eabi.a(libc2.o)
 .text.libc.__RAL_ascii_towlower
                0x0000000000002f20        0xc C:/Program Files/SEGGER/SEGGER Embedded Studio for ARM 4.50/lib/libc_v7em_fpv4_sp_d16_hard_t_le_eabi.a(libc2.o)
 .text.libc.__RAL_ascii_wctomb
                0x0000000000002f2c        0xe C:/Program Files/SEGGER/SEGGER Embedded Studio for ARM 4.50/lib/libc_v7em_fpv4_sp_d16_hard_t_le_eabi.a(libc2.o)
                0x0000000000002f2c                __RAL_ascii_wctomb
 .text.libc.__RAL_ascii_mbtowc
                0x0000000000002f3a       0x24 C:/Program Files/SEGGER/SEGGER Embedded Studio for ARM 4.50/lib/libc_v7em_fpv4_sp_d16_hard_t_le_eabi.a(libc2.o)
                0x0000000000002f3a                __RAL_ascii_mbtowc
 *fill*         0x0000000000002f5e        0x2 
 .text.libc.__RAL_isctype
                0x0000000000002f60       0x14 C:/Program Files/SEGGER/SEGGER Embedded Studio for ARM 4.50/lib/libc_v7em_fpv4_sp_d16_hard_t_le_eabi.a(libc2.o)
                0x0000000000002f60                __RAL_isctype
 .text.libc.isprint
                0x0000000000002f74        0xa C:/Program Files/SEGGER/SEGGER Embedded Studio for ARM 4.50/lib/libc_v7em_fpv4_sp_d16_hard_t_le_eabi.a(libc2.o)
                0x0000000000002f74                isprint
 .text.libc.memcpy
                0x0000000000002f7e       0x52 C:/Program Files/SEGGER/SEGGER Embedded Studio for ARM 4.50/lib/libc_v7em_fpv4_sp_d16_hard_t_le_eabi.a(libc2_asm.o)
                0x0000000000002f7e                __aeabi_memcpy
                0x0000000000002f7e                memcpy
                0x0000000000002f8a                __aeabi_memcpy8
                0x0000000000002f8a                __aeabi_memcpy4
 .text.libc.memset
                0x0000000000002fd0       0x66 C:/Program Files/SEGGER/SEGGER Embedded Studio for ARM 4.50/lib/libc_v7em_fpv4_sp_d16_hard_t_le_eabi.a(libc2_asm.o)
                0x0000000000002fd0                memset
 .text.libc.strcpy
                0x0000000000003036       0x44 C:/Program Files/SEGGER/SEGGER Embedded Studio for ARM 4.50/lib/libc_v7em_fpv4_sp_d16_hard_t_le_eabi.a(libc2_asm.o)
                0x0000000000003036                strcpy
 .text.libc.strlen
                0x000000000000307a       0x60 C:/Program Files/SEGGER/SEGGER Embedded Studio for ARM 4.50/lib/libc_v7em_fpv4_sp_d16_hard_t_le_eabi.a(libc2_asm.o)
                0x000000000000307a                strlen
                0x00000000000030da                __text_end__ = (__text_start__ + SIZEOF (.text))
                0x0000000000002d0a                __text_size__ = SIZEOF (.text)
                0x00000000000030da                __text_load_end__ = __text_end__

.vfp11_veneer   0x0000000100000000        0x0
 .vfp11_veneer  0x0000000100000000        0x0 linker stubs

.v4_bx          0x0000000100000000        0x0
 .v4_bx         0x0000000100000000        0x0 linker stubs

.iplt           0x0000000100000000        0x0
 .iplt          0x0000000100000000        0x0 Output/app_timer_tutorial_pca10040 Release/Obj/thumb_crt0.o
                0x0000000000000001                . = ASSERT (((__text_start__ == __text_end__) || ((__text_end__ - __FLASH_segment_start__) <= __FLASH_segment_size__)), error: .text is too large to fit in FLASH memory segment)
                0x00000000000030dc                __log_const_data_load_start__ = ALIGN (__text_end__, 0x4)

.log_const_data
                0x00000000000030dc       0x38
                0x00000000000030dc                __log_const_data_start__ = .
                0x00000000000030dc                __start_log_const_data = __log_const_data_start__
 *(SORT_BY_NAME(.log_const_data*))
 .log_const_data_CLOCK
                0x00000000000030dc        0x8 Output/app_timer_tutorial_pca10040 Release/Obj/nrfx_clock.o
                0x00000000000030dc                m_nrf_log_CLOCK_logs_data_const
 .log_const_data_GPIOTE
                0x00000000000030e4        0x8 Output/app_timer_tutorial_pca10040 Release/Obj/nrfx_gpiote.o
                0x00000000000030e4                m_nrf_log_GPIOTE_logs_data_const
 .log_const_data_PRS
                0x00000000000030ec        0x8 Output/app_timer_tutorial_pca10040 Release/Obj/nrfx_prs.o
                0x00000000000030ec                m_nrf_log_PRS_logs_data_const
 .log_const_data_UART
                0x00000000000030f4        0x8 Output/app_timer_tutorial_pca10040 Release/Obj/nrfx_uart.o
                0x00000000000030f4                m_nrf_log_UART_logs_data_const
 .log_const_data_UARTE
                0x00000000000030fc        0x8 Output/app_timer_tutorial_pca10040 Release/Obj/nrfx_uarte.o
                0x00000000000030fc                m_nrf_log_UARTE_logs_data_const
 .log_const_data_app
                0x0000000000003104        0x8 Output/app_timer_tutorial_pca10040 Release/Obj/nrf_log_frontend.o
                0x0000000000003104                m_nrf_log_app_logs_data_const
 .log_const_data_clock
                0x000000000000310c        0x8 Output/app_timer_tutorial_pca10040 Release/Obj/nrf_drv_clock.o
                0x000000000000310c                m_nrf_log_clock_logs_data_const
                0x0000000000003114                __log_const_data_end__ = (__log_const_data_start__ + SIZEOF (.log_const_data))
                0x0000000000000038                __log_const_data_size__ = SIZEOF (.log_const_data)
                0x0000000000003114                __stop_log_const_data = __log_const_data_end__
                0x0000000000003114                __log_const_data_load_end__ = __log_const_data_end__
                0x0000000000000001                . = ASSERT (((__log_const_data_start__ == __log_const_data_end__) || ((__log_const_data_end__ - __FLASH_segment_start__) <= __FLASH_segment_size__)), error: .log_const_data is too large to fit in FLASH memory segment)
                0x0000000000003114                __log_backends_load_start__ = ALIGN (__log_const_data_end__, 0x4)

.log_backends   0x0000000000003114       0x20
                0x0000000000003114                __log_backends_start__ = .
                0x0000000000003114                __start_log_backends = __log_backends_start__
 *(SORT_BY_NAME(.log_backends*))
 .log_backends  0x0000000000003114       0x20 Output/app_timer_tutorial_pca10040 Release/Obj/nrf_log_default_backends.o
                0x0000000000003134                __log_backends_end__ = (__log_backends_start__ + SIZEOF (.log_backends))
                0x0000000000000020                __log_backends_size__ = SIZEOF (.log_backends)
                0x0000000000003134                __stop_log_backends = __log_backends_end__
                0x0000000000003134                __log_backends_load_end__ = __log_backends_end__
                0x0000000000000001                . = ASSERT (((__log_backends_start__ == __log_backends_end__) || ((__log_backends_end__ - __FLASH_segment_start__) <= __FLASH_segment_size__)), error: .log_backends is too large to fit in FLASH memory segment)
                0x0000000000003134                __nrf_balloc_load_start__ = ALIGN (__log_backends_end__, 0x4)

.nrf_balloc     0x0000000000003134       0x14
                0x0000000000003134                __nrf_balloc_start__ = .
                0x0000000000003134                __start_nrf_balloc = __nrf_balloc_start__
 *(.nrf_balloc*)
 .nrf_balloc    0x0000000000003134       0x14 Output/app_timer_tutorial_pca10040 Release/Obj/nrf_log_frontend.o
                0x0000000000003134                log_mempool
                0x0000000000003148                __nrf_balloc_end__ = (__nrf_balloc_start__ + SIZEOF (.nrf_balloc))
                0x0000000000000014                __nrf_balloc_size__ = SIZEOF (.nrf_balloc)
                0x0000000000003148                __stop_nrf_balloc = __nrf_balloc_end__
                0x0000000000003148                __nrf_balloc_load_end__ = __nrf_balloc_end__
                0x0000000000000001                . = ASSERT (((__nrf_balloc_start__ == __nrf_balloc_end__) || ((__nrf_balloc_end__ - __FLASH_segment_start__) <= __FLASH_segment_size__)), error: .nrf_balloc is too large to fit in FLASH memory segment)
                0x0000000000003148                __nrf_sections_load_start__ = ALIGN (__nrf_balloc_end__, 0x4)

.nrf_sections   0x0000000000003148        0x0
                0x0000000000003148                __nrf_sections_start__ = .
                0x0000000000003148                __start_nrf_sections = __nrf_sections_start__
 *(.nrf_sections .nrf_sections.*)
                0x0000000000003148                __nrf_sections_end__ = (__nrf_sections_start__ + SIZEOF (.nrf_sections))
                0x0000000000000000                __nrf_sections_size__ = SIZEOF (.nrf_sections)
                0x0000000000003148                __nrf_sections_load_end__ = __nrf_sections_end__
                0x0000000000000001                . = ASSERT (((__nrf_sections_start__ == __nrf_sections_end__) || ((__nrf_sections_end__ - __FLASH_segment_start__) <= __FLASH_segment_size__)), error: .nrf_sections is too large to fit in FLASH memory segment)
                0x0000000000003148                __log_dynamic_data_load_start__ = ALIGN (__nrf_sections_end__, 0x4)

.log_dynamic_data
                0x0000000020000000        0x0 load address 0x0000000000003148
                0x0000000020000000                __log_dynamic_data_start__ = .
 *(SORT_BY_NAME(.log_dynamic_data*))
                0x0000000020000000                __log_dynamic_data_end__ = (__log_dynamic_data_start__ + SIZEOF (.log_dynamic_data))
                0x0000000000000000                __log_dynamic_data_size__ = SIZEOF (.log_dynamic_data)
                0x0000000000003148                __log_dynamic_data_load_end__ = (__log_dynamic_data_load_start__ + SIZEOF (.log_dynamic_data))
                0x0000000000000001                . = ASSERT (((__log_dynamic_data_load_start__ == __log_dynamic_data_load_end__) || ((__log_dynamic_data_load_end__ - __FLASH_segment_start__) <= __FLASH_segment_size__)), error: .log_dynamic_data is too large to fit in FLASH memory segment)

.log_dynamic_data_run
                0x0000000020000000        0x0
                0x0000000020000000                __log_dynamic_data_run_start__ = .
                0x0000000020000000                __start_log_dynamic_data = __log_dynamic_data_run_start__
                0x0000000020000000                . = MAX ((__log_dynamic_data_run_start__ + SIZEOF (.log_dynamic_data)), .)
                0x0000000020000000                __log_dynamic_data_run_end__ = (__log_dynamic_data_run_start__ + SIZEOF (.log_dynamic_data_run))
                0x0000000000000000                __log_dynamic_data_run_size__ = SIZEOF (.log_dynamic_data_run)
                0x0000000020000000                __stop_log_dynamic_data = __log_dynamic_data_run_end__
                0x0000000020000000                __log_dynamic_data_run_load_end__ = __log_dynamic_data_run_end__
                0x0000000000000001                . = ASSERT (((__log_dynamic_data_run_start__ == __log_dynamic_data_run_end__) || ((__log_dynamic_data_run_end__ - __RAM_segment_start__) <= __RAM_segment_size__)), error: .log_dynamic_data_run is too large to fit in RAM memory segment)
                0x0000000000003148                __log_filter_data_load_start__ = ALIGN ((__log_dynamic_data_load_start__ + SIZEOF (.log_dynamic_data)), 0x4)

.log_filter_data
                0x0000000020000000        0x0 load address 0x0000000000003148
                0x0000000020000000                __log_filter_data_start__ = .
 *(SORT_BY_NAME(.log_filter_data*))
                0x0000000020000000                __log_filter_data_end__ = (__log_filter_data_start__ + SIZEOF (.log_filter_data))
                0x0000000000000000                __log_filter_data_size__ = SIZEOF (.log_filter_data)
                0x0000000000003148                __log_filter_data_load_end__ = (__log_filter_data_load_start__ + SIZEOF (.log_filter_data))
                0x0000000000000001                . = ASSERT (((__log_filter_data_load_start__ == __log_filter_data_load_end__) || ((__log_filter_data_load_end__ - __FLASH_segment_start__) <= __FLASH_segment_size__)), error: .log_filter_data is too large to fit in FLASH memory segment)

.log_filter_data_run
                0x0000000020000000        0x0
                0x0000000020000000                __log_filter_data_run_start__ = .
                0x0000000020000000                __start_log_filter_data = __log_filter_data_run_start__
                0x0000000020000000                . = MAX ((__log_filter_data_run_start__ + SIZEOF (.log_filter_data)), .)
                0x0000000020000000                __log_filter_data_run_end__ = (__log_filter_data_run_start__ + SIZEOF (.log_filter_data_run))
                0x0000000000000000                __log_filter_data_run_size__ = SIZEOF (.log_filter_data_run)
                0x0000000020000000                __stop_log_filter_data = __log_filter_data_run_end__
                0x0000000020000000                __log_filter_data_run_load_end__ = __log_filter_data_run_end__
                0x0000000000000001                . = ASSERT (((__log_filter_data_run_start__ == __log_filter_data_run_end__) || ((__log_filter_data_run_end__ - __RAM_segment_start__) <= __RAM_segment_size__)), error: .log_filter_data_run is too large to fit in RAM memory segment)
                0x0000000020000000                __nrf_sections_run_end_load_start__ = ALIGN (__log_filter_data_run_end__, 0x4)

.nrf_sections_run_end
                0x0000000020000000        0x0
                0x0000000020000000                __nrf_sections_run_end_start__ = .
                0x0000000020000000                __end_nrf_sections_run = __nrf_sections_run_end_start__
 *(.nrf_sections_run_end .nrf_sections_run_end.*)
                0x0000000020000000                __nrf_sections_run_end_end__ = (__nrf_sections_run_end_start__ + SIZEOF (.nrf_sections_run_end))
                0x0000000000000000                __nrf_sections_run_end_size__ = SIZEOF (.nrf_sections_run_end)
                0x0000000020000000                __nrf_sections_run_end_load_end__ = __nrf_sections_run_end_end__
                0x0000000000000001                . = ASSERT (((__nrf_sections_run_end_start__ == __nrf_sections_run_end_end__) || ((__nrf_sections_run_end_end__ - __RAM_segment_start__) <= __RAM_segment_size__)), error: .nrf_sections_run_end is too large to fit in RAM memory segment)
                0x0000000000003148                __dtors_load_start__ = ALIGN ((__log_filter_data_load_start__ + SIZEOF (.log_filter_data)), 0x4)

.dtors          0x0000000000003148        0x0
                0x0000000000003148                __dtors_start__ = .
 *(SORT_BY_NAME(.dtors.*))
 *(.dtors)
 *(.fini_array)
 *(SORT_BY_NAME(.fini_array.*))
                0x0000000000003148                __dtors_end__ = (__dtors_start__ + SIZEOF (.dtors))
                0x0000000000000000                __dtors_size__ = SIZEOF (.dtors)
                0x0000000000003148                __dtors_load_end__ = __dtors_end__
                0x0000000000000001                . = ASSERT (((__dtors_start__ == __dtors_end__) || ((__dtors_end__ - __FLASH_segment_start__) <= __FLASH_segment_size__)), error: .dtors is too large to fit in FLASH memory segment)
                0x0000000000003148                __ctors_load_start__ = ALIGN (__dtors_end__, 0x4)

.ctors          0x0000000000003148        0x0
                0x0000000000003148                __ctors_start__ = .
 *(SORT_BY_NAME(.ctors.*))
 *(.ctors)
 *(.init_array)
 *(SORT_BY_NAME(.init_array.*))
                0x0000000000003148                __ctors_end__ = (__ctors_start__ + SIZEOF (.ctors))
                0x0000000000000000                __ctors_size__ = SIZEOF (.ctors)
                0x0000000000003148                __ctors_load_end__ = __ctors_end__
                0x0000000000000001                . = ASSERT (((__ctors_start__ == __ctors_end__) || ((__ctors_end__ - __FLASH_segment_start__) <= __FLASH_segment_size__)), error: .ctors is too large to fit in FLASH memory segment)
                0x0000000000003148                __rodata_load_start__ = ALIGN (__ctors_end__, 0x4)

.rodata         0x0000000000003148      0x436
                0x0000000000003148                __rodata_start__ = .
 *(.rodata .rodata.* .gnu.linkonce.r.*)
 *fill*         0x0000000000003148        0x8 
 .rodata.delay_machine_code.8217
                0x0000000000003150        0x6 Output/app_timer_tutorial_pca10040 Release/Obj/nrf_log_backend_rtt.o
 *fill*         0x0000000000003156        0x2 
 .rodata.nrf_log_backend_rtt_api
                0x0000000000003158        0xc Output/app_timer_tutorial_pca10040 Release/Obj/nrf_log_backend_rtt.o
                0x0000000000003158                nrf_log_backend_rtt_api
 .rodata        0x0000000000003164       0x20 Output/app_timer_tutorial_pca10040 Release/Obj/nrf_log_backend_uart.o
 .rodata.nrf_log_backend_uart_api
                0x0000000000003184        0xc Output/app_timer_tutorial_pca10040 Release/Obj/nrf_log_backend_uart.o
                0x0000000000003184                nrf_log_backend_uart_api
 .rodata.str1.1
                0x0000000000003190       0x21 Output/app_timer_tutorial_pca10040 Release/Obj/nrf_log_default_backends.o
 .rodata.nrf_log_frontend_dequeue.str1.1
                0x00000000000031b1       0x11 Output/app_timer_tutorial_pca10040 Release/Obj/nrf_log_frontend.o
 .rodata.str1.1
                0x00000000000031c2        0x4 Output/app_timer_tutorial_pca10040 Release/Obj/nrf_log_frontend.o
 *fill*         0x00000000000031c6        0x2 
 .rodata.m_log_push_ringbuf
                0x00000000000031c8        0xc Output/app_timer_tutorial_pca10040 Release/Obj/nrf_log_frontend.o
 .rodata.postfix_process.str1.1
                0x00000000000031d4        0x8 Output/app_timer_tutorial_pca10040 Release/Obj/nrf_log_str_formatter.o
                                          0xb (size before relaxing)
 .rodata.prefix_process.str1.1
                0x00000000000031dc       0x2a Output/app_timer_tutorial_pca10040 Release/Obj/nrf_log_str_formatter.o
 .rodata.nrf_log_hexdump_entry_process.str1.1
                0x0000000000003206        0xf Output/app_timer_tutorial_pca10040 Release/Obj/nrf_log_str_formatter.o
                                         0x11 (size before relaxing)
 .rodata.str1.1
                0x0000000000003215       0x4b Output/app_timer_tutorial_pca10040 Release/Obj/nrf_log_str_formatter.o
                                         0x51 (size before relaxing)
 .rodata.m_colors
                0x0000000000003260       0x24 Output/app_timer_tutorial_pca10040 Release/Obj/nrf_log_str_formatter.o
 .rodata.severity_names
                0x0000000000003284       0x14 Output/app_timer_tutorial_pca10040 Release/Obj/nrf_log_str_formatter.o
 .rodata.app_error_fault_handler.str1.1
                0x0000000000003298       0x19 Output/app_timer_tutorial_pca10040 Release/Obj/app_error_weak.o
 .rodata._aV2C.7537
                0x00000000000032b1       0x10 Output/app_timer_tutorial_pca10040 Release/Obj/nrf_fprintf_format.o
 *fill*         0x00000000000032c1        0xf 
 .rodata.delay_machine_code.7943
                0x00000000000032d0        0x6 Output/app_timer_tutorial_pca10040 Release/Obj/app_timer.o
 .rodata.str1.1
                0x00000000000032d6        0x6 Output/app_timer_tutorial_pca10040 Release/Obj/nrf_drv_clock.o
 .rodata.str1.1
                0x00000000000032dc        0x6 Output/app_timer_tutorial_pca10040 Release/Obj/nrfx_clock.o
 .rodata.str1.1
                0x00000000000032e2        0x7 Output/app_timer_tutorial_pca10040 Release/Obj/nrfx_gpiote.o
 .rodata.str1.1
                0x00000000000032e9        0x4 Output/app_timer_tutorial_pca10040 Release/Obj/nrfx_prs.o
 .rodata.str1.1
                0x00000000000032ed        0x5 Output/app_timer_tutorial_pca10040 Release/Obj/nrfx_uart.o
 .rodata.str1.1
                0x00000000000032f2        0x6 Output/app_timer_tutorial_pca10040 Release/Obj/nrfx_uarte.o
 .rodata.main.str1.1
                0x00000000000032f8       0x2c Output/app_timer_tutorial_pca10040 Release/Obj/main.o
 .rodata        0x0000000000003324        0x3 Output/app_timer_tutorial_pca10040 Release/Obj/main.o
 *fill*         0x0000000000003327        0x1 
 .rodata.m_repeated_timer_id
                0x0000000000003328        0x4 Output/app_timer_tutorial_pca10040 Release/Obj/main.o
 .rodata._DoInit.str1.1
                0x000000000000332c       0x14 Output/app_timer_tutorial_pca10040 Release/Obj/SEGGER_RTT.o
 .rodata.libc.__RAL_find_locale.str1.4
                0x0000000000003340        0xa C:/Program Files/SEGGER/SEGGER Embedded Studio for ARM 4.50/lib/libc_v7em_fpv4_sp_d16_hard_t_le_eabi.a(libc2.o)
 *fill*         0x000000000000334a        0x2 
 .rodata.libc.__RAL_ascii_ctype_map
                0x000000000000334c       0x80 C:/Program Files/SEGGER/SEGGER Embedded Studio for ARM 4.50/lib/libc_v7em_fpv4_sp_d16_hard_t_le_eabi.a(libc2.o)
                0x000000000000334c                __RAL_ascii_ctype_map
 .rodata.libc.__RAL_ascii_ctype_mask
                0x00000000000033cc        0xd C:/Program Files/SEGGER/SEGGER Embedded Studio for ARM 4.50/lib/libc_v7em_fpv4_sp_d16_hard_t_le_eabi.a(libc2.o)
 *fill*         0x00000000000033d9        0x3 
 .rodata.libc.__RAL_c_locale
                0x00000000000033dc        0xc C:/Program Files/SEGGER/SEGGER Embedded Studio for ARM 4.50/lib/libc_v7em_fpv4_sp_d16_hard_t_le_eabi.a(libc2.o)
                0x00000000000033dc                __RAL_c_locale
 .rodata.libc.__RAL_c_locale_abbrev_day_names
                0x00000000000033e8       0x1d C:/Program Files/SEGGER/SEGGER Embedded Studio for ARM 4.50/lib/libc_v7em_fpv4_sp_d16_hard_t_le_eabi.a(libc2.o)
                0x00000000000033e8                __RAL_c_locale_abbrev_day_names
 *fill*         0x0000000000003405        0x3 
 .rodata.libc.__RAL_c_locale_abbrev_month_names
                0x0000000000003408       0x31 C:/Program Files/SEGGER/SEGGER Embedded Studio for ARM 4.50/lib/libc_v7em_fpv4_sp_d16_hard_t_le_eabi.a(libc2.o)
                0x0000000000003408                __RAL_c_locale_abbrev_month_names
 *fill*         0x0000000000003439        0x3 
 .rodata.libc.__RAL_c_locale_am_pm_indicator
                0x000000000000343c        0x7 C:/Program Files/SEGGER/SEGGER Embedded Studio for ARM 4.50/lib/libc_v7em_fpv4_sp_d16_hard_t_le_eabi.a(libc2.o)
                0x000000000000343c                __RAL_c_locale_am_pm_indicator
 *fill*         0x0000000000003443        0x1 
 .rodata.libc.__RAL_c_locale_data
                0x0000000000003444       0x58 C:/Program Files/SEGGER/SEGGER Embedded Studio for ARM 4.50/lib/libc_v7em_fpv4_sp_d16_hard_t_le_eabi.a(libc2.o)
                0x0000000000003444                __RAL_c_locale_data
 .rodata.libc.__RAL_c_locale_date_format
                0x000000000000349c        0x9 C:/Program Files/SEGGER/SEGGER Embedded Studio for ARM 4.50/lib/libc_v7em_fpv4_sp_d16_hard_t_le_eabi.a(libc2.o)
                0x000000000000349c                __RAL_c_locale_date_format
 *fill*         0x00000000000034a5        0x3 
 .rodata.libc.__RAL_c_locale_date_time_format
                0x00000000000034a8        0xf C:/Program Files/SEGGER/SEGGER Embedded Studio for ARM 4.50/lib/libc_v7em_fpv4_sp_d16_hard_t_le_eabi.a(libc2.o)
                0x00000000000034a8                __RAL_c_locale_date_time_format
 *fill*         0x00000000000034b7        0x1 
 .rodata.libc.__RAL_c_locale_day_names
                0x00000000000034b8       0x3a C:/Program Files/SEGGER/SEGGER Embedded Studio for ARM 4.50/lib/libc_v7em_fpv4_sp_d16_hard_t_le_eabi.a(libc2.o)
                0x00000000000034b8                __RAL_c_locale_day_names
 *fill*         0x00000000000034f2        0x2 
 .rodata.libc.__RAL_c_locale_month_names
                0x00000000000034f4       0x57 C:/Program Files/SEGGER/SEGGER Embedded Studio for ARM 4.50/lib/libc_v7em_fpv4_sp_d16_hard_t_le_eabi.a(libc2.o)
                0x00000000000034f4                __RAL_c_locale_month_names
 *fill*         0x000000000000354b        0x1 
 .rodata.libc.__RAL_c_locale_time_format
                0x000000000000354c        0x9 C:/Program Files/SEGGER/SEGGER Embedded Studio for ARM 4.50/lib/libc_v7em_fpv4_sp_d16_hard_t_le_eabi.a(libc2.o)
                0x000000000000354c                __RAL_c_locale_time_format
 *fill*         0x0000000000003555        0x3 
 .rodata.libc.__RAL_codeset_ascii
                0x0000000000003558       0x20 C:/Program Files/SEGGER/SEGGER Embedded Studio for ARM 4.50/lib/libc_v7em_fpv4_sp_d16_hard_t_le_eabi.a(libc2.o)
                0x0000000000003558                __RAL_codeset_ascii
 .rodata.libc.__RAL_data_empty_string
                0x0000000000003578        0x1 C:/Program Files/SEGGER/SEGGER Embedded Studio for ARM 4.50/lib/libc_v7em_fpv4_sp_d16_hard_t_le_eabi.a(libc2.o)
                0x0000000000003578                __RAL_data_empty_string
 *fill*         0x0000000000003579        0x3 
 .rodata.libc.__RAL_data_utf8_period
                0x000000000000357c        0x2 C:/Program Files/SEGGER/SEGGER Embedded Studio for ARM 4.50/lib/libc_v7em_fpv4_sp_d16_hard_t_le_eabi.a(libc2.o)
                0x000000000000357c                __RAL_data_utf8_period
                0x000000000000357e                __rodata_end__ = (__rodata_start__ + SIZEOF (.rodata))
                0x0000000000000436                __rodata_size__ = SIZEOF (.rodata)
                0x000000000000357e                __rodata_load_end__ = __rodata_end__

.rel.dyn        0x0000000000003580        0x0
 .rel.iplt      0x0000000000003580        0x0 Output/app_timer_tutorial_pca10040 Release/Obj/thumb_crt0.o
                0x0000000000000001                . = ASSERT (((__rodata_start__ == __rodata_end__) || ((__rodata_end__ - __FLASH_segment_start__) <= __FLASH_segment_size__)), error: .rodata is too large to fit in FLASH memory segment)
                0x0000000000003580                __ARM.exidx_load_start__ = ALIGN (__rodata_end__, 0x4)

.ARM.exidx      0x0000000000003580        0x0
                0x0000000000003580                __ARM.exidx_start__ = .
                0x0000000000003580                __exidx_start = __ARM.exidx_start__
 *(.ARM.exidx .ARM.exidx.*)
                0x0000000000003580                __ARM.exidx_end__ = (__ARM.exidx_start__ + SIZEOF (.ARM.exidx))
                0x0000000000000000                __ARM.exidx_size__ = SIZEOF (.ARM.exidx)
                0x0000000000003580                __exidx_end = __ARM.exidx_end__
                0x0000000000003580                __ARM.exidx_load_end__ = __ARM.exidx_end__
                0x0000000000000001                . = ASSERT (((__ARM.exidx_start__ == __ARM.exidx_end__) || ((__ARM.exidx_end__ - __FLASH_segment_start__) <= __FLASH_segment_size__)), error: .ARM.exidx is too large to fit in FLASH memory segment)
                0x0000000000003580                __fast_load_start__ = ALIGN (__ARM.exidx_end__, 0x4)

.fast           0x0000000020000000        0x0 load address 0x0000000000003580
                0x0000000020000000                __fast_start__ = .
 *(.fast .fast.*)
                0x0000000020000000                __fast_end__ = (__fast_start__ + SIZEOF (.fast))
                0x0000000000000000                __fast_size__ = SIZEOF (.fast)
                0x0000000000003580                __fast_load_end__ = (__fast_load_start__ + SIZEOF (.fast))
                0x0000000000000001                . = ASSERT (((__fast_load_start__ == __fast_load_end__) || ((__fast_load_end__ - __FLASH_segment_start__) <= __FLASH_segment_size__)), error: .fast is too large to fit in FLASH memory segment)

.fast_run       0x0000000020000000        0x0
                0x0000000020000000                __fast_run_start__ = .
                0x0000000020000000                . = MAX ((__fast_run_start__ + SIZEOF (.fast)), .)
                0x0000000020000000                __fast_run_end__ = (__fast_run_start__ + SIZEOF (.fast_run))
                0x0000000000000000                __fast_run_size__ = SIZEOF (.fast_run)
                0x0000000020000000                __fast_run_load_end__ = __fast_run_end__
                0x0000000000000001                . = ASSERT (((__fast_run_start__ == __fast_run_end__) || ((__fast_run_end__ - __RAM_segment_start__) <= __RAM_segment_size__)), error: .fast_run is too large to fit in RAM memory segment)
                0x0000000000003580                __data_load_start__ = ALIGN ((__fast_load_start__ + SIZEOF (.fast)), 0x4)

.data           0x0000000020000000       0x3c load address 0x0000000000003580
                0x0000000020000000                __data_start__ = .
 *(.data .data.* .gnu.linkonce.d.*)
 .data.m_uart   0x0000000020000000       0x14 Output/app_timer_tutorial_pca10040 Release/Obj/nrf_log_backend_uart.o
                0x0000000020000000                m_uart
 .data.log_backend_cb_rtt_log_backend
                0x0000000020000014        0x8 Output/app_timer_tutorial_pca10040 Release/Obj/nrf_log_default_backends.o
 .data.log_backend_cb_uart_log_backend
                0x000000002000001c        0x8 Output/app_timer_tutorial_pca10040 Release/Obj/nrf_log_default_backends.o
 .data.SystemCoreClock
                0x0000000020000024        0x4 Output/app_timer_tutorial_pca10040 Release/Obj/system_nrf52.o
                0x0000000020000024                SystemCoreClock
 .data.libc.__RAL_global_locale
                0x0000000020000028       0x14 C:/Program Files/SEGGER/SEGGER Embedded Studio for ARM 4.50/lib/libc_v7em_fpv4_sp_d16_hard_t_le_eabi.a(libc2.o)
                0x0000000020000028                __RAL_global_locale
                0x000000002000003c                __data_end__ = (__data_start__ + SIZEOF (.data))
                0x000000000000003c                __data_size__ = SIZEOF (.data)
                0x00000000000035bc                __data_load_end__ = (__data_load_start__ + SIZEOF (.data))

.igot.plt       0x0000000100000000        0x0
 .igot.plt      0x0000000100000000        0x0 Output/app_timer_tutorial_pca10040 Release/Obj/thumb_crt0.o
                0x0000000000000001                . = ASSERT (((__data_load_start__ == __data_load_end__) || ((__data_load_end__ - __FLASH_segment_start__) <= __FLASH_segment_size__)), error: .data is too large to fit in FLASH memory segment)

.data_run       0x0000000020000000       0x3c load address 0x0000000000003580
                0x0000000020000000                __data_run_start__ = .
                0x000000002000003c                . = MAX ((__data_run_start__ + SIZEOF (.data)), .)
 *fill*         0x0000000020000000       0x3c 
                0x000000002000003c                __data_run_end__ = (__data_run_start__ + SIZEOF (.data_run))
                0x000000000000003c                __data_run_size__ = SIZEOF (.data_run)
                0x000000002000003c                __data_run_load_end__ = __data_run_end__
                0x0000000000000001                . = ASSERT (((__data_run_start__ == __data_run_end__) || ((__data_run_end__ - __RAM_segment_start__) <= __RAM_segment_size__)), error: .data_run is too large to fit in RAM memory segment)
                0x00000000000035bc                __tdata_load_start__ = ALIGN ((__data_load_start__ + SIZEOF (.data)), 0x4)

.tdata          0x000000002000003c        0x0 load address 0x00000000000035bc
                0x000000002000003c                __tdata_start__ = .
 *(.tdata .tdata.*)
                0x000000002000003c                __tdata_end__ = (__tdata_start__ + SIZEOF (.tdata))
                0x0000000000000000                __tdata_size__ = SIZEOF (.tdata)
                0x00000000000035bc                __tdata_load_end__ = (__tdata_load_start__ + SIZEOF (.tdata))
                0x00000000000035bc                __FLASH_segment_used_end__ = (ALIGN ((__data_load_start__ + SIZEOF (.data)), 0x4) + SIZEOF (.tdata))
                0x00000000000035bc                __FLASH_segment_used_size__ = (__FLASH_segment_used_end__ - __FLASH_segment_start__)
                0x0000000000000001                . = ASSERT (((__tdata_load_start__ == __tdata_load_end__) || ((__tdata_load_end__ - __FLASH_segment_start__) <= __FLASH_segment_size__)), error: .tdata is too large to fit in FLASH memory segment)

.tdata_run      0x000000002000003c        0x0
                0x000000002000003c                __tdata_run_start__ = .
                0x000000002000003c                . = MAX ((__tdata_run_start__ + SIZEOF (.tdata)), .)
                0x000000002000003c                __tdata_run_end__ = (__tdata_run_start__ + SIZEOF (.tdata_run))
                0x0000000000000000                __tdata_run_size__ = SIZEOF (.tdata_run)
                0x000000002000003c                __tdata_run_load_end__ = __tdata_run_end__
                0x0000000000000001                . = ASSERT (((__tdata_run_start__ == __tdata_run_end__) || ((__tdata_run_end__ - __RAM_segment_start__) <= __RAM_segment_size__)), error: .tdata_run is too large to fit in RAM memory segment)
                0x000000002000003c                __bss_load_start__ = ALIGN (__tdata_run_end__, 0x4)

.bss            0x000000002000003c      0xaac
                0x000000002000003c                __bss_start__ = .
 *(.bss .bss.* .gnu.linkonce.b.*)
 .bss.m_host_present
                0x000000002000003c        0x1 Output/app_timer_tutorial_pca10040 Release/Obj/nrf_log_backend_rtt.o
 .bss.m_string_buff
                0x000000002000003d       0x40 Output/app_timer_tutorial_pca10040 Release/Obj/nrf_log_backend_rtt.o
 .bss.m_async_mode
                0x000000002000007d        0x1 Output/app_timer_tutorial_pca10040 Release/Obj/nrf_log_backend_uart.o
 .bss.m_string_buff
                0x000000002000007e       0x40 Output/app_timer_tutorial_pca10040 Release/Obj/nrf_log_backend_uart.o
 .bss.m_xfer_done
                0x00000000200000be        0x1 Output/app_timer_tutorial_pca10040 Release/Obj/nrf_log_backend_uart.o
 *fill*         0x00000000200000bf        0x1 
 .bss.log_mempool_nrf_balloc_cb
                0x00000000200000c0        0x8 Output/app_timer_tutorial_pca10040 Release/Obj/nrf_log_frontend.o
 .bss.log_mempool_nrf_balloc_pool_mem
                0x00000000200000c8       0xc0 Output/app_timer_tutorial_pca10040 Release/Obj/nrf_log_frontend.o
 .bss.log_mempool_nrf_balloc_pool_stack
                0x0000000020000188        0x8 Output/app_timer_tutorial_pca10040 Release/Obj/nrf_log_frontend.o
 .bss.m_log_data
                0x0000000020000190      0x424 Output/app_timer_tutorial_pca10040 Release/Obj/nrf_log_frontend.o
 .bss.m_log_push_ringbuf_buf
                0x00000000200005b4       0x80 Output/app_timer_tutorial_pca10040 Release/Obj/nrf_log_frontend.o
 .bss.m_log_push_ringbuf_cb
                0x0000000020000634       0x18 Output/app_timer_tutorial_pca10040 Release/Obj/nrf_log_frontend.o
 .bss.m_in_critical_region
                0x000000002000064c        0x4 Output/app_timer_tutorial_pca10040 Release/Obj/app_util_platform.o
 .bss.m_op_queue
                0x0000000020000650      0x10c Output/app_timer_tutorial_pca10040 Release/Obj/app_timer.o
 .bss.m_rtc1_reset
                0x000000002000075c        0x1 Output/app_timer_tutorial_pca10040 Release/Obj/app_timer.o
 .bss.m_rtc1_running
                0x000000002000075d        0x1 Output/app_timer_tutorial_pca10040 Release/Obj/app_timer.o
 *fill*         0x000000002000075e        0x2 
 .bss.m_ticks_elapsed
                0x0000000020000760        0x8 Output/app_timer_tutorial_pca10040 Release/Obj/app_timer.o
 .bss.m_ticks_elapsed_q_read_ind
                0x0000000020000768        0x1 Output/app_timer_tutorial_pca10040 Release/Obj/app_timer.o
 .bss.m_ticks_elapsed_q_write_ind
                0x0000000020000769        0x1 Output/app_timer_tutorial_pca10040 Release/Obj/app_timer.o
 *fill*         0x000000002000076a        0x2 
 .bss.m_ticks_latest
                0x000000002000076c        0x4 Output/app_timer_tutorial_pca10040 Release/Obj/app_timer.o
 .bss.mp_timer_id_head
                0x0000000020000770        0x4 Output/app_timer_tutorial_pca10040 Release/Obj/app_timer.o
 .bss.m_clock_cb
                0x0000000020000774       0x14 Output/app_timer_tutorial_pca10040 Release/Obj/nrf_drv_clock.o
 .bss.m_contexts
                0x0000000020000788        0x4 Output/app_timer_tutorial_pca10040 Release/Obj/nrf_drv_uart.o
 .bss.m_handlers
                0x000000002000078c        0x4 Output/app_timer_tutorial_pca10040 Release/Obj/nrf_drv_uart.o
 .bss.nrf_drv_uart_use_easy_dma
                0x0000000020000790        0x1 Output/app_timer_tutorial_pca10040 Release/Obj/nrf_drv_uart.o
                0x0000000020000790                nrf_drv_uart_use_easy_dma
 *fill*         0x0000000020000791        0x3 
 .bss.m_clock_cb
                0x0000000020000794        0x8 Output/app_timer_tutorial_pca10040 Release/Obj/nrfx_clock.o
 .bss.m_cb      0x000000002000079c       0x4c Output/app_timer_tutorial_pca10040 Release/Obj/nrfx_gpiote.o
 .bss.m_prs_box_4
                0x00000000200007e8        0x8 Output/app_timer_tutorial_pca10040 Release/Obj/nrfx_prs.o
 .bss.m_cb      0x00000000200007f0       0x2c Output/app_timer_tutorial_pca10040 Release/Obj/nrfx_uart.o
 .bss.m_cb      0x000000002000081c       0x24 Output/app_timer_tutorial_pca10040 Release/Obj/nrfx_uarte.o
 .bss.m_repeated_timer_id_data
                0x0000000020000840       0x20 Output/app_timer_tutorial_pca10040 Release/Obj/main.o
 .bss._SEGGER_RTT
                0x0000000020000860       0x78 Output/app_timer_tutorial_pca10040 Release/Obj/SEGGER_RTT.o
                0x0000000020000860                _SEGGER_RTT
 .bss._acDownBuffer
                0x00000000200008d8       0x10 Output/app_timer_tutorial_pca10040 Release/Obj/SEGGER_RTT.o
 .bss._acUpBuffer
                0x00000000200008e8      0x200 Output/app_timer_tutorial_pca10040 Release/Obj/SEGGER_RTT.o
 *(COMMON)
                0x0000000020000ae8                __bss_end__ = (__bss_start__ + SIZEOF (.bss))
                0x0000000000000aac                __bss_size__ = SIZEOF (.bss)
                0x0000000020000ae8                __bss_load_end__ = __bss_end__
                0x0000000000000001                . = ASSERT (((__bss_start__ == __bss_end__) || ((__bss_end__ - __RAM_segment_start__) <= __RAM_segment_size__)), error: .bss is too large to fit in RAM memory segment)
                0x0000000020000ae8                __tbss_load_start__ = ALIGN (__bss_end__, 0x4)

.tbss           0x0000000020000ae8        0x0
                0x0000000020000ae8                __tbss_start__ = .
 *(.tbss .tbss.*)
                0x0000000020000ae8                __tbss_end__ = (__tbss_start__ + SIZEOF (.tbss))
                0x0000000000000000                __tbss_size__ = SIZEOF (.tbss)
                0x0000000020000ae8                __tbss_load_end__ = __tbss_end__
                0x0000000000000001                . = ASSERT (((__tbss_start__ == __tbss_end__) || ((__tbss_end__ - __RAM_segment_start__) <= __RAM_segment_size__)), error: .tbss is too large to fit in RAM memory segment)
                0x0000000020000ae8                __non_init_load_start__ = ALIGN (__tbss_end__, 0x4)

.non_init       0x0000000020000ae8        0x0
                0x0000000020000ae8                __non_init_start__ = .
 *(.non_init .non_init.*)
                0x0000000020000ae8                __non_init_end__ = (__non_init_start__ + SIZEOF (.non_init))
                0x0000000000000000                __non_init_size__ = SIZEOF (.non_init)
                0x0000000020000ae8                __non_init_load_end__ = __non_init_end__
                0x0000000000000001                . = ASSERT (((__non_init_start__ == __non_init_end__) || ((__non_init_end__ - __RAM_segment_start__) <= __RAM_segment_size__)), error: .non_init is too large to fit in RAM memory segment)
                0x0000000020000ae8                __heap_load_start__ = ALIGN (__non_init_end__, 0x4)

.heap           0x0000000020000ae8     0x2000
                0x0000000020000ae8                __heap_start__ = .
 *(.heap .heap.*)
                0x0000000020002ae8                . = ALIGN (MAX ((__heap_start__ + __HEAPSIZE__), .), 0x4)
 *fill*         0x0000000020000ae8     0x2000 
                0x0000000020002ae8                __heap_end__ = (__heap_start__ + SIZEOF (.heap))
                0x0000000000002000                __heap_size__ = SIZEOF (.heap)
                0x0000000020002ae8                __heap_load_end__ = __heap_end__
                0x0000000000000001                . = ASSERT (((__heap_start__ == __heap_end__) || ((__heap_end__ - __RAM_segment_start__) <= __RAM_segment_size__)), error: .heap is too large to fit in RAM memory segment)
                0x000000002000e000                __stack_load_start__ = (__RAM_segment_start__ + (__RAM_segment_size__ - 0x2000))

.stack          0x000000002000e000     0x2000
                0x000000002000e000                __stack_start__ = .
                0x000000002000e000                __StackLimit = __stack_start__
 *(.stack .stack.*)
                0x0000000020010000                . = ALIGN (MAX ((__stack_start__ + __STACKSIZE__), .), 0x8)
 *fill*         0x000000002000e000     0x2000 
                0x0000000020010000                __stack_end__ = (__stack_start__ + SIZEOF (.stack))
                0x0000000000002000                __stack_size__ = SIZEOF (.stack)
                0x0000000020010000                __StackTop = __stack_end__
                0x0000000020010000                __stack_load_end__ = __stack_end__
                0x0000000000000001                . = ASSERT (((__stack_start__ == __stack_end__) || ((__stack_end__ - __RAM_segment_start__) <= __RAM_segment_size__)), error: .stack is too large to fit in RAM memory segment)
                0x0000000000000001                . = ASSERT ((__heap_end__ <= __stack_start__), error: section .heap overlaps absolute placed section .stack)
                0x0000000020010000                __stack_process_load_start__ = ALIGN (__stack_end__, 0x8)

.stack_process  0x0000000020010000        0x0
                0x0000000020010000                __stack_process_start__ = .
 *(.stack_process .stack_process.*)
                0x0000000020010000                . = ALIGN (MAX ((__stack_process_start__ + __STACKSIZE_PROCESS__), .), 0x8)
                0x0000000020010000                __stack_process_end__ = (__stack_process_start__ + SIZEOF (.stack_process))
                0x0000000000000000                __stack_process_size__ = SIZEOF (.stack_process)
                0x0000000020010000                __stack_process_load_end__ = __stack_process_end__
                0x0000000020010000                __RAM_segment_used_end__ = (ALIGN (__stack_end__, 0x8) + SIZEOF (.stack_process))
                0x0000000000010000                __RAM_segment_used_size__ = (__RAM_segment_used_end__ - __RAM_segment_start__)
                0x0000000000000001                . = ASSERT (((__stack_process_start__ == __stack_process_end__) || ((__stack_process_end__ - __RAM_segment_start__) <= __RAM_segment_size__)), error: .stack_process is too large to fit in RAM memory segment)
START GROUP
LOAD Output/app_timer_tutorial_pca10040 Release/Obj/thumb_crt0.o
LOAD Output/app_timer_tutorial_pca10040 Release/Obj/nrf_log_backend_rtt.o
LOAD Output/app_timer_tutorial_pca10040 Release/Obj/nrf_log_backend_serial.o
LOAD Output/app_timer_tutorial_pca10040 Release/Obj/nrf_log_backend_uart.o
LOAD Output/app_timer_tutorial_pca10040 Release/Obj/nrf_log_default_backends.o
LOAD Output/app_timer_tutorial_pca10040 Release/Obj/nrf_log_frontend.o
LOAD Output/app_timer_tutorial_pca10040 Release/Obj/nrf_log_str_formatter.o
LOAD Output/app_timer_tutorial_pca10040 Release/Obj/app_error.o
LOAD Output/app_timer_tutorial_pca10040 Release/Obj/app_error_handler_gcc.o
LOAD Output/app_timer_tutorial_pca10040 Release/Obj/app_error_weak.o
LOAD Output/app_timer_tutorial_pca10040 Release/Obj/app_util_platform.o
LOAD Output/app_timer_tutorial_pca10040 Release/Obj/nrf_assert.o
LOAD Output/app_timer_tutorial_pca10040 Release/Obj/nrf_atomic.o
LOAD Output/app_timer_tutorial_pca10040 Release/Obj/nrf_balloc.o
LOAD Output/app_timer_tutorial_pca10040 Release/Obj/nrf_fprintf.o
LOAD Output/app_timer_tutorial_pca10040 Release/Obj/nrf_fprintf_format.o
LOAD Output/app_timer_tutorial_pca10040 Release/Obj/nrf_memobj.o
LOAD Output/app_timer_tutorial_pca10040 Release/Obj/nrf_ringbuf.o
LOAD Output/app_timer_tutorial_pca10040 Release/Obj/nrf_strerror.o
LOAD Output/app_timer_tutorial_pca10040 Release/Obj/app_timer.o
LOAD Output/app_timer_tutorial_pca10040 Release/Obj/ses_startup_nrf52.o
LOAD Output/app_timer_tutorial_pca10040 Release/Obj/ses_startup_nrf_common.o
LOAD Output/app_timer_tutorial_pca10040 Release/Obj/system_nrf52.o
LOAD Output/app_timer_tutorial_pca10040 Release/Obj/boards.o
LOAD Output/app_timer_tutorial_pca10040 Release/Obj/nrf_drv_clock.o
LOAD Output/app_timer_tutorial_pca10040 Release/Obj/nrf_drv_uart.o
LOAD Output/app_timer_tutorial_pca10040 Release/Obj/nrf_nvic.o
LOAD Output/app_timer_tutorial_pca10040 Release/Obj/nrf_soc.o
LOAD Output/app_timer_tutorial_pca10040 Release/Obj/nrfx_clock.o
LOAD Output/app_timer_tutorial_pca10040 Release/Obj/nrfx_gpiote.o
LOAD Output/app_timer_tutorial_pca10040 Release/Obj/nrfx_prs.o
LOAD Output/app_timer_tutorial_pca10040 Release/Obj/nrfx_uart.o
LOAD Output/app_timer_tutorial_pca10040 Release/Obj/nrfx_uarte.o
LOAD Output/app_timer_tutorial_pca10040 Release/Obj/nrfx_power.o
LOAD Output/app_timer_tutorial_pca10040 Release/Obj/main.o
LOAD Output/app_timer_tutorial_pca10040 Release/Obj/SEGGER_RTT.o
LOAD Output/app_timer_tutorial_pca10040 Release/Obj/SEGGER_RTT_Syscalls_SES.o
LOAD Output/app_timer_tutorial_pca10040 Release/Obj/SEGGER_RTT_printf.o
LOAD C:/Program Files/SEGGER/SEGGER Embedded Studio for ARM 4.50/lib/libdebugio_mempoll_v7em_fpv4_sp_d16_hard_t_le_eabi.a
LOAD C:/Program Files/SEGGER/SEGGER Embedded Studio for ARM 4.50/lib/libm_v7em_fpv4_sp_d16_hard_t_le_eabi.a
LOAD C:/Program Files/SEGGER/SEGGER Embedded Studio for ARM 4.50/lib/libc_v7em_fpv4_sp_d16_hard_t_le_eabi.a
LOAD C:/Program Files/SEGGER/SEGGER Embedded Studio for ARM 4.50/lib/libcpp_v7em_fpv4_sp_d16_hard_t_le_eabi.a
LOAD C:/Program Files/SEGGER/SEGGER Embedded Studio for ARM 4.50/lib/libdebugio_v7em_fpv4_sp_d16_hard_t_le_eabi.a
LOAD C:/Program Files/SEGGER/SEGGER Embedded Studio for ARM 4.50/lib/libvfprintf_v7em_fpv4_sp_d16_hard_t_le_eabi.o
LOAD C:/Program Files/SEGGER/SEGGER Embedded Studio for ARM 4.50/lib/libvfscanf_v7em_fpv4_sp_d16_hard_t_le_eabi.o
END GROUP
OUTPUT(Output/Release/Exe/app_timer_tutorial_pca10040.elf elf32-littlearm)

.ARM.attributes
                0x0000000000000000       0x35
 .ARM.attributes
                0x0000000000000000       0x25 Output/app_timer_tutorial_pca10040 Release/Obj/thumb_crt0.o
 .ARM.attributes
                0x0000000000000025       0x39 Output/app_timer_tutorial_pca10040 Release/Obj/nrf_log_backend_rtt.o
 .ARM.attributes
                0x000000000000005e       0x39 Output/app_timer_tutorial_pca10040 Release/Obj/nrf_log_backend_serial.o
 .ARM.attributes
                0x0000000000000097       0x39 Output/app_timer_tutorial_pca10040 Release/Obj/nrf_log_backend_uart.o
 .ARM.attributes
                0x00000000000000d0       0x39 Output/app_timer_tutorial_pca10040 Release/Obj/nrf_log_default_backends.o
 .ARM.attributes
                0x0000000000000109       0x39 Output/app_timer_tutorial_pca10040 Release/Obj/nrf_log_frontend.o
 .ARM.attributes
                0x0000000000000142       0x39 Output/app_timer_tutorial_pca10040 Release/Obj/nrf_log_str_formatter.o
 .ARM.attributes
                0x000000000000017b       0x39 Output/app_timer_tutorial_pca10040 Release/Obj/app_error.o
 .ARM.attributes
                0x00000000000001b4       0x39 Output/app_timer_tutorial_pca10040 Release/Obj/app_error_weak.o
 .ARM.attributes
                0x00000000000001ed       0x39 Output/app_timer_tutorial_pca10040 Release/Obj/app_util_platform.o
 .ARM.attributes
                0x0000000000000226       0x39 Output/app_timer_tutorial_pca10040 Release/Obj/nrf_atomic.o
 .ARM.attributes
                0x000000000000025f       0x39 Output/app_timer_tutorial_pca10040 Release/Obj/nrf_balloc.o
 .ARM.attributes
                0x0000000000000298       0x39 Output/app_timer_tutorial_pca10040 Release/Obj/nrf_fprintf.o
 .ARM.attributes
                0x00000000000002d1       0x39 Output/app_timer_tutorial_pca10040 Release/Obj/nrf_fprintf_format.o
 .ARM.attributes
                0x000000000000030a       0x39 Output/app_timer_tutorial_pca10040 Release/Obj/nrf_memobj.o
 .ARM.attributes
                0x0000000000000343       0x39 Output/app_timer_tutorial_pca10040 Release/Obj/nrf_ringbuf.o
 .ARM.attributes
                0x000000000000037c       0x39 Output/app_timer_tutorial_pca10040 Release/Obj/app_timer.o
 .ARM.attributes
                0x00000000000003b5       0x25 Output/app_timer_tutorial_pca10040 Release/Obj/ses_startup_nrf52.o
 .ARM.attributes
                0x00000000000003da       0x25 Output/app_timer_tutorial_pca10040 Release/Obj/ses_startup_nrf_common.o
 .ARM.attributes
                0x00000000000003ff       0x39 Output/app_timer_tutorial_pca10040 Release/Obj/system_nrf52.o
 .ARM.attributes
                0x0000000000000438       0x39 Output/app_timer_tutorial_pca10040 Release/Obj/nrf_drv_clock.o
 .ARM.attributes
                0x0000000000000471       0x39 Output/app_timer_tutorial_pca10040 Release/Obj/nrf_drv_uart.o
 .ARM.attributes
                0x00000000000004aa       0x39 Output/app_timer_tutorial_pca10040 Release/Obj/nrfx_clock.o
 .ARM.attributes
                0x00000000000004e3       0x39 Output/app_timer_tutorial_pca10040 Release/Obj/nrfx_gpiote.o
 .ARM.attributes
                0x000000000000051c       0x39 Output/app_timer_tutorial_pca10040 Release/Obj/nrfx_prs.o
 .ARM.attributes
                0x0000000000000555       0x39 Output/app_timer_tutorial_pca10040 Release/Obj/nrfx_uart.o
 .ARM.attributes
                0x000000000000058e       0x39 Output/app_timer_tutorial_pca10040 Release/Obj/nrfx_uarte.o
 .ARM.attributes
                0x00000000000005c7       0x39 Output/app_timer_tutorial_pca10040 Release/Obj/main.o
 .ARM.attributes
                0x0000000000000600       0x39 Output/app_timer_tutorial_pca10040 Release/Obj/SEGGER_RTT.o
 .ARM.attributes
                0x0000000000000639       0x34 C:/Program Files/SEGGER/SEGGER Embedded Studio for ARM 4.50/lib/libc_v7em_fpv4_sp_d16_hard_t_le_eabi.a(libc2.o)
 .ARM.attributes
                0x000000000000066d       0x20 C:/Program Files/SEGGER/SEGGER Embedded Studio for ARM 4.50/lib/libc_v7em_fpv4_sp_d16_hard_t_le_eabi.a(libc2_asm.o)

.comment        0x0000000000000000       0x47
 .comment       0x0000000000000000       0x47 Output/app_timer_tutorial_pca10040 Release/Obj/nrf_log_backend_rtt.o
                                         0x48 (size before relaxing)
 .comment       0x0000000000000047       0x48 Output/app_timer_tutorial_pca10040 Release/Obj/nrf_log_backend_serial.o
 .comment       0x0000000000000047       0x48 Output/app_timer_tutorial_pca10040 Release/Obj/nrf_log_backend_uart.o
 .comment       0x0000000000000047       0x48 Output/app_timer_tutorial_pca10040 Release/Obj/nrf_log_default_backends.o
 .comment       0x0000000000000047       0x48 Output/app_timer_tutorial_pca10040 Release/Obj/nrf_log_frontend.o
 .comment       0x0000000000000047       0x48 Output/app_timer_tutorial_pca10040 Release/Obj/nrf_log_str_formatter.o
 .comment       0x0000000000000047       0x48 Output/app_timer_tutorial_pca10040 Release/Obj/app_error.o
 .comment       0x0000000000000047       0x48 Output/app_timer_tutorial_pca10040 Release/Obj/app_error_weak.o
 .comment       0x0000000000000047       0x48 Output/app_timer_tutorial_pca10040 Release/Obj/app_util_platform.o
 .comment       0x0000000000000047       0x48 Output/app_timer_tutorial_pca10040 Release/Obj/nrf_atomic.o
 .comment       0x0000000000000047       0x48 Output/app_timer_tutorial_pca10040 Release/Obj/nrf_balloc.o
 .comment       0x0000000000000047       0x48 Output/app_timer_tutorial_pca10040 Release/Obj/nrf_fprintf.o
 .comment       0x0000000000000047       0x48 Output/app_timer_tutorial_pca10040 Release/Obj/nrf_fprintf_format.o
 .comment       0x0000000000000047       0x48 Output/app_timer_tutorial_pca10040 Release/Obj/nrf_memobj.o
 .comment       0x0000000000000047       0x48 Output/app_timer_tutorial_pca10040 Release/Obj/nrf_ringbuf.o
 .comment       0x0000000000000047       0x48 Output/app_timer_tutorial_pca10040 Release/Obj/app_timer.o
 .comment       0x0000000000000047       0x48 Output/app_timer_tutorial_pca10040 Release/Obj/system_nrf52.o
 .comment       0x0000000000000047       0x48 Output/app_timer_tutorial_pca10040 Release/Obj/nrf_drv_clock.o
 .comment       0x0000000000000047       0x48 Output/app_timer_tutorial_pca10040 Release/Obj/nrf_drv_uart.o
 .comment       0x0000000000000047       0x48 Output/app_timer_tutorial_pca10040 Release/Obj/nrfx_clock.o
 .comment       0x0000000000000047       0x48 Output/app_timer_tutorial_pca10040 Release/Obj/nrfx_gpiote.o
 .comment       0x0000000000000047       0x48 Output/app_timer_tutorial_pca10040 Release/Obj/nrfx_prs.o
 .comment       0x0000000000000047       0x48 Output/app_timer_tutorial_pca10040 Release/Obj/nrfx_uart.o
 .comment       0x0000000000000047       0x48 Output/app_timer_tutorial_pca10040 Release/Obj/nrfx_uarte.o
 .comment       0x0000000000000047       0x48 Output/app_timer_tutorial_pca10040 Release/Obj/main.o
 .comment       0x0000000000000047       0x48 Output/app_timer_tutorial_pca10040 Release/Obj/SEGGER_RTT.o
 .comment       0x0000000000000047       0x48 C:/Program Files/SEGGER/SEGGER Embedded Studio for ARM 4.50/lib/libc_v7em_fpv4_sp_d16_hard_t_le_eabi.a(libc2.o)

.debug_line     0x0000000000000000    0x11696
 .debug_line    0x0000000000000000      0x1ed Output/app_timer_tutorial_pca10040 Release/Obj/thumb_crt0.o
 .debug_line    0x00000000000001ed      0x8e3 Output/app_timer_tutorial_pca10040 Release/Obj/nrf_log_backend_rtt.o
 .debug_line    0x0000000000000ad0      0x6bd Output/app_timer_tutorial_pca10040 Release/Obj/nrf_log_backend_serial.o
 .debug_line    0x000000000000118d      0x943 Output/app_timer_tutorial_pca10040 Release/Obj/nrf_log_backend_uart.o
 .debug_line    0x0000000000001ad0      0x5f1 Output/app_timer_tutorial_pca10040 Release/Obj/nrf_log_default_backends.o
 .debug_line    0x00000000000020c1     0x12a3 Output/app_timer_tutorial_pca10040 Release/Obj/nrf_log_frontend.o
 .debug_line    0x0000000000003364      0x7ce Output/app_timer_tutorial_pca10040 Release/Obj/nrf_log_str_formatter.o
 .debug_line    0x0000000000003b32      0x3af Output/app_timer_tutorial_pca10040 Release/Obj/app_error.o
 .debug_line    0x0000000000003ee1      0x6e2 Output/app_timer_tutorial_pca10040 Release/Obj/app_error_weak.o
 .debug_line    0x00000000000045c3      0x42d Output/app_timer_tutorial_pca10040 Release/Obj/app_util_platform.o
 .debug_line    0x00000000000049f0      0x695 Output/app_timer_tutorial_pca10040 Release/Obj/nrf_atomic.o
 .debug_line    0x0000000000005085      0x6a0 Output/app_timer_tutorial_pca10040 Release/Obj/nrf_balloc.o
 .debug_line    0x0000000000005725      0x3d1 Output/app_timer_tutorial_pca10040 Release/Obj/nrf_fprintf.o
 .debug_line    0x0000000000005af6      0x822 Output/app_timer_tutorial_pca10040 Release/Obj/nrf_fprintf_format.o
 .debug_line    0x0000000000006318      0x7e5 Output/app_timer_tutorial_pca10040 Release/Obj/nrf_memobj.o
 .debug_line    0x0000000000006afd      0x751 Output/app_timer_tutorial_pca10040 Release/Obj/nrf_ringbuf.o
 .debug_line    0x000000000000724e     0x11e5 Output/app_timer_tutorial_pca10040 Release/Obj/app_timer.o
 .debug_line    0x0000000000008433       0x80 Output/app_timer_tutorial_pca10040 Release/Obj/ses_startup_nrf52.o
 .debug_line    0x00000000000084b3       0xa2 Output/app_timer_tutorial_pca10040 Release/Obj/ses_startup_nrf_common.o
 .debug_line    0x0000000000008555      0x61a Output/app_timer_tutorial_pca10040 Release/Obj/system_nrf52.o
 .debug_line    0x0000000000008b6f      0xb38 Output/app_timer_tutorial_pca10040 Release/Obj/nrf_drv_clock.o
 .debug_line    0x00000000000096a7      0x675 Output/app_timer_tutorial_pca10040 Release/Obj/nrf_drv_uart.o
 .debug_line    0x0000000000009d1c      0xc4e Output/app_timer_tutorial_pca10040 Release/Obj/nrfx_clock.o
 .debug_line    0x000000000000a96a     0x1b15 Output/app_timer_tutorial_pca10040 Release/Obj/nrfx_gpiote.o
 .debug_line    0x000000000000c47f      0x72c Output/app_timer_tutorial_pca10040 Release/Obj/nrfx_prs.o
 .debug_line    0x000000000000cbab     0x1757 Output/app_timer_tutorial_pca10040 Release/Obj/nrfx_uart.o
 .debug_line    0x000000000000e302     0x169f Output/app_timer_tutorial_pca10040 Release/Obj/nrfx_uarte.o
 .debug_line    0x000000000000f9a1      0xada Output/app_timer_tutorial_pca10040 Release/Obj/main.o
 .debug_line    0x000000000001047b     0x121b Output/app_timer_tutorial_pca10040 Release/Obj/SEGGER_RTT.o

.debug_info     0x0000000000000000    0x15ff3
 .debug_info    0x0000000000000000       0x22 Output/app_timer_tutorial_pca10040 Release/Obj/thumb_crt0.o
 .debug_info    0x0000000000000022      0x77f Output/app_timer_tutorial_pca10040 Release/Obj/nrf_log_backend_rtt.o
 .debug_info    0x00000000000007a1      0x6d4 Output/app_timer_tutorial_pca10040 Release/Obj/nrf_log_backend_serial.o
 .debug_info    0x0000000000000e75      0x949 Output/app_timer_tutorial_pca10040 Release/Obj/nrf_log_backend_uart.o
 .debug_info    0x00000000000017be      0x53c Output/app_timer_tutorial_pca10040 Release/Obj/nrf_log_default_backends.o
 .debug_info    0x0000000000001cfa     0x20f5 Output/app_timer_tutorial_pca10040 Release/Obj/nrf_log_frontend.o
 .debug_info    0x0000000000003def      0x9b8 Output/app_timer_tutorial_pca10040 Release/Obj/nrf_log_str_formatter.o
 .debug_info    0x00000000000047a7      0x45e Output/app_timer_tutorial_pca10040 Release/Obj/app_error.o
 .debug_info    0x0000000000004c05      0x511 Output/app_timer_tutorial_pca10040 Release/Obj/app_error_weak.o
 .debug_info    0x0000000000005116      0x535 Output/app_timer_tutorial_pca10040 Release/Obj/app_util_platform.o
 .debug_info    0x000000000000564b      0xb24 Output/app_timer_tutorial_pca10040 Release/Obj/nrf_atomic.o
 .debug_info    0x000000000000616f      0x5ed Output/app_timer_tutorial_pca10040 Release/Obj/nrf_balloc.o
 .debug_info    0x000000000000675c      0x375 Output/app_timer_tutorial_pca10040 Release/Obj/nrf_fprintf.o
 .debug_info    0x0000000000006ad1      0x83e Output/app_timer_tutorial_pca10040 Release/Obj/nrf_fprintf_format.o
 .debug_info    0x000000000000730f      0xa02 Output/app_timer_tutorial_pca10040 Release/Obj/nrf_memobj.o
 .debug_info    0x0000000000007d11      0x7b1 Output/app_timer_tutorial_pca10040 Release/Obj/nrf_ringbuf.o
 .debug_info    0x00000000000084c2     0x16cd Output/app_timer_tutorial_pca10040 Release/Obj/app_timer.o
 .debug_info    0x0000000000009b8f       0x26 Output/app_timer_tutorial_pca10040 Release/Obj/ses_startup_nrf52.o
 .debug_info    0x0000000000009bb5       0x26 Output/app_timer_tutorial_pca10040 Release/Obj/ses_startup_nrf_common.o
 .debug_info    0x0000000000009bdb      0x344 Output/app_timer_tutorial_pca10040 Release/Obj/system_nrf52.o
 .debug_info    0x0000000000009f1f      0xb25 Output/app_timer_tutorial_pca10040 Release/Obj/nrf_drv_clock.o
 .debug_info    0x000000000000aa44      0x5f2 Output/app_timer_tutorial_pca10040 Release/Obj/nrf_drv_uart.o
 .debug_info    0x000000000000b036      0xce4 Output/app_timer_tutorial_pca10040 Release/Obj/nrfx_clock.o
 .debug_info    0x000000000000bd1a     0x2b46 Output/app_timer_tutorial_pca10040 Release/Obj/nrfx_gpiote.o
 .debug_info    0x000000000000e860      0x595 Output/app_timer_tutorial_pca10040 Release/Obj/nrfx_prs.o
 .debug_info    0x000000000000edf5     0x2718 Output/app_timer_tutorial_pca10040 Release/Obj/nrfx_uart.o
 .debug_info    0x000000000001150d     0x271c Output/app_timer_tutorial_pca10040 Release/Obj/nrfx_uarte.o
 .debug_info    0x0000000000013c29      0xcf9 Output/app_timer_tutorial_pca10040 Release/Obj/main.o
 .debug_info    0x0000000000014922     0x16d1 Output/app_timer_tutorial_pca10040 Release/Obj/SEGGER_RTT.o

.debug_abbrev   0x0000000000000000     0x5f52
 .debug_abbrev  0x0000000000000000       0x12 Output/app_timer_tutorial_pca10040 Release/Obj/thumb_crt0.o
 .debug_abbrev  0x0000000000000012      0x337 Output/app_timer_tutorial_pca10040 Release/Obj/nrf_log_backend_rtt.o
 .debug_abbrev  0x0000000000000349      0x2ae Output/app_timer_tutorial_pca10040 Release/Obj/nrf_log_backend_serial.o
 .debug_abbrev  0x00000000000005f7      0x450 Output/app_timer_tutorial_pca10040 Release/Obj/nrf_log_backend_uart.o
 .debug_abbrev  0x0000000000000a47      0x262 Output/app_timer_tutorial_pca10040 Release/Obj/nrf_log_default_backends.o
 .debug_abbrev  0x0000000000000ca9      0x643 Output/app_timer_tutorial_pca10040 Release/Obj/nrf_log_frontend.o
 .debug_abbrev  0x00000000000012ec      0x2f8 Output/app_timer_tutorial_pca10040 Release/Obj/nrf_log_str_formatter.o
 .debug_abbrev  0x00000000000015e4      0x21b Output/app_timer_tutorial_pca10040 Release/Obj/app_error.o
 .debug_abbrev  0x00000000000017ff      0x2ad Output/app_timer_tutorial_pca10040 Release/Obj/app_error_weak.o
 .debug_abbrev  0x0000000000001aac      0x2f8 Output/app_timer_tutorial_pca10040 Release/Obj/app_util_platform.o
 .debug_abbrev  0x0000000000001da4      0x29d Output/app_timer_tutorial_pca10040 Release/Obj/nrf_atomic.o
 .debug_abbrev  0x0000000000002041      0x2e0 Output/app_timer_tutorial_pca10040 Release/Obj/nrf_balloc.o
 .debug_abbrev  0x0000000000002321      0x221 Output/app_timer_tutorial_pca10040 Release/Obj/nrf_fprintf.o
 .debug_abbrev  0x0000000000002542      0x3ab Output/app_timer_tutorial_pca10040 Release/Obj/nrf_fprintf_format.o
 .debug_abbrev  0x00000000000028ed      0x2e2 Output/app_timer_tutorial_pca10040 Release/Obj/nrf_memobj.o
 .debug_abbrev  0x0000000000002bcf      0x22a Output/app_timer_tutorial_pca10040 Release/Obj/nrf_ringbuf.o
 .debug_abbrev  0x0000000000002df9      0x5db Output/app_timer_tutorial_pca10040 Release/Obj/app_timer.o
 .debug_abbrev  0x00000000000033d4       0x14 Output/app_timer_tutorial_pca10040 Release/Obj/ses_startup_nrf52.o
 .debug_abbrev  0x00000000000033e8       0x14 Output/app_timer_tutorial_pca10040 Release/Obj/ses_startup_nrf_common.o
 .debug_abbrev  0x00000000000033fc      0x26a Output/app_timer_tutorial_pca10040 Release/Obj/system_nrf52.o
 .debug_abbrev  0x0000000000003666      0x4d4 Output/app_timer_tutorial_pca10040 Release/Obj/nrf_drv_clock.o
 .debug_abbrev  0x0000000000003b3a      0x2cf Output/app_timer_tutorial_pca10040 Release/Obj/nrf_drv_uart.o